Component: ARM Compiler 5.06 update 7 (build 960) Tool: armlink [4d3601]

==============================================================================

Section Cross References

    gd32f4xx_rcu.o(i.rcu_deinit) refers to gd32f4xx_rcu.o(i.rcu_osci_stab_wait) for rcu_osci_stab_wait
    gd32f4xx_rcu.o(i.rcu_osci_stab_wait) refers to gd32f4xx_rcu.o(i.rcu_flag_get) for rcu_flag_get
    gd32f4xx_gpio.o(i.gpio_deinit) refers to gd32f4xx_rcu.o(i.rcu_periph_reset_enable) for rcu_periph_reset_enable
    gd32f4xx_gpio.o(i.gpio_deinit) refers to gd32f4xx_rcu.o(i.rcu_periph_reset_disable) for rcu_periph_reset_disable
    gd32f4xx_timer.o(i.timer_deinit) refers to gd32f4xx_rcu.o(i.rcu_periph_reset_enable) for rcu_periph_reset_enable
    gd32f4xx_timer.o(i.timer_deinit) refers to gd32f4xx_rcu.o(i.rcu_periph_reset_disable) for rcu_periph_reset_disable
    gd32f4xx_timer.o(i.timer_external_clock_mode0_config) refers to gd32f4xx_timer.o(i.timer_external_trigger_config) for timer_external_trigger_config
    gd32f4xx_timer.o(i.timer_external_clock_mode1_config) refers to gd32f4xx_timer.o(i.timer_external_trigger_config) for timer_external_trigger_config
    gd32f4xx_timer.o(i.timer_external_trigger_as_external_clock_config) refers to gd32f4xx_timer.o(i.timer_input_trigger_source_select) for timer_input_trigger_source_select
    gd32f4xx_timer.o(i.timer_input_capture_config) refers to gd32f4xx_timer.o(i.timer_channel_input_capture_prescaler_config) for timer_channel_input_capture_prescaler_config
    gd32f4xx_timer.o(i.timer_input_pwm_capture_config) refers to gd32f4xx_timer.o(i.timer_channel_input_capture_prescaler_config) for timer_channel_input_capture_prescaler_config
    gd32f4xx_timer.o(i.timer_internal_trigger_as_external_clock_config) refers to gd32f4xx_timer.o(i.timer_input_trigger_source_select) for timer_input_trigger_source_select
    gd32f4xx_usart.o(i.usart_baudrate_set) refers to gd32f4xx_rcu.o(i.rcu_clock_freq_get) for rcu_clock_freq_get
    gd32f4xx_usart.o(i.usart_deinit) refers to gd32f4xx_rcu.o(i.rcu_periph_reset_enable) for rcu_periph_reset_enable
    gd32f4xx_usart.o(i.usart_deinit) refers to gd32f4xx_rcu.o(i.rcu_periph_reset_disable) for rcu_periph_reset_disable
    gd32f4xx_misc.o(i.nvic_irq_enable) refers to gd32f4xx_misc.o(i.nvic_priority_group_set) for nvic_priority_group_set
    led.o(i.led_init) refers to gd32f4xx_rcu.o(i.rcu_periph_clock_enable) for rcu_periph_clock_enable
    led.o(i.led_init) refers to gd32f4xx_gpio.o(i.gpio_mode_set) for gpio_mode_set
    led.o(i.led_init) refers to gd32f4xx_gpio.o(i.gpio_output_options_set) for gpio_output_options_set
    led.o(i.led_off) refers to gd32f4xx_gpio.o(i.gpio_bit_write) for gpio_bit_write
    led.o(i.led_on) refers to gd32f4xx_gpio.o(i.gpio_bit_write) for gpio_bit_write
    led.o(i.led_status) refers to gd32f4xx_gpio.o(i.gpio_output_bit_get) for gpio_output_bit_get
    led.o(i.led_switch) refers to led.o(i.led_status) for led_status
    led.o(i.led_switch) refers to led.o(i.led_off) for led_off
    led.o(i.led_switch) refers to led.o(i.led_on) for led_on
    test.o(i.testFlag_get) refers to test.o(.data) for testFlag
    test.o(i.testFlag_set) refers to test.o(.data) for testFlag
    pwm.o(i.bsp_io_init) refers to gd32f4xx_rcu.o(i.rcu_periph_clock_enable) for rcu_periph_clock_enable
    pwm.o(i.bsp_io_init) refers to gd32f4xx_gpio.o(i.gpio_mode_set) for gpio_mode_set
    pwm.o(i.bsp_io_init) refers to gd32f4xx_gpio.o(i.gpio_output_options_set) for gpio_output_options_set
    pwm.o(i.bsp_io_init) refers to gd32f4xx_gpio.o(i.gpio_af_set) for gpio_af_set
    pwm.o(i.bsp_pwm_dutyRatio_edit) refers to gd32f4xx_timer.o(i.timer_channel_output_pulse_value_config) for timer_channel_output_pulse_value_config
    pwm.o(i.bsp_pwm_init) refers to pwm.o(i.bsp_timer_init) for bsp_timer_init
    pwm.o(i.bsp_pwm_init) refers to pwm.o(i.bsp_timer_output_init) for bsp_timer_output_init
    pwm.o(i.bsp_pwm_init) refers to pwm.o(i.bsp_io_init) for bsp_io_init
    pwm.o(i.bsp_timer_init) refers to gd32f4xx_rcu.o(i.rcu_periph_clock_enable) for rcu_periph_clock_enable
    pwm.o(i.bsp_timer_init) refers to gd32f4xx_rcu.o(i.rcu_timer_clock_prescaler_config) for rcu_timer_clock_prescaler_config
    pwm.o(i.bsp_timer_init) refers to gd32f4xx_timer.o(i.timer_struct_para_init) for timer_struct_para_init
    pwm.o(i.bsp_timer_init) refers to gd32f4xx_timer.o(i.timer_init) for timer_init
    pwm.o(i.bsp_timer_init) refers to gd32f4xx_timer.o(i.timer_enable) for timer_enable
    pwm.o(i.bsp_timer_init) refers to gd32f4xx_timer.o(i.timer_auto_reload_shadow_enable) for timer_auto_reload_shadow_enable
    pwm.o(i.bsp_timer_output_init) refers to gd32f4xx_timer.o(i.timer_channel_output_struct_para_init) for timer_channel_output_struct_para_init
    pwm.o(i.bsp_timer_output_init) refers to gd32f4xx_timer.o(i.timer_channel_output_config) for timer_channel_output_config
[...]
    Removing gd32f4xx_usart.o(i.usart_invert_config), (104 bytes).
    Removing gd32f4xx_usart.o(i.usart_irda_lowpower_config), (20 bytes).
    Removing gd32f4xx_usart.o(i.usart_irda_mode_disable), (10 bytes).
    Removing gd32f4xx_usart.o(i.usart_irda_mode_enable), (10 bytes).
    Removing gd32f4xx_usart.o(i.usart_lin_break_detection_length_config), (20 bytes).
    Removing gd32f4xx_usart.o(i.usart_lin_mode_disable), (10 bytes).
    Removing gd32f4xx_usart.o(i.usart_lin_mode_enable), (10 bytes).
    Removing gd32f4xx_usart.o(i.usart_mute_mode_disable), (10 bytes).
    Removing gd32f4xx_usart.o(i.usart_mute_mode_enable), (10 bytes).
    Removing gd32f4xx_usart.o(i.usart_mute_mode_wakeup_config), (16 bytes).
    Removing gd32f4xx_usart.o(i.usart_oversample_config), (16 bytes).
    Removing gd32f4xx_usart.o(i.usart_parity_check_coherence_config), (24 bytes).
    Removing gd32f4xx_usart.o(i.usart_prescaler_config), (16 bytes).
    Removing gd32f4xx_usart.o(i.usart_receiver_timeout_disable), (14 bytes).
    Removing gd32f4xx_usart.o(i.usart_receiver_timeout_enable), (14 bytes).
    Removing gd32f4xx_usart.o(i.usart_receiver_timeout_threshold_config), (20 bytes).
    Removing gd32f4xx_usart.o(i.usart_sample_bit_config), (16 bytes).
    Removing gd32f4xx_usart.o(i.usart_send_break), (10 bytes).
    Removing gd32f4xx_usart.o(i.usart_smartcard_autoretry_config), (26 bytes).
    Removing gd32f4xx_usart.o(i.usart_smartcard_mode_disable), (10 bytes).
    Removing gd32f4xx_usart.o(i.usart_smartcard_mode_enable), (10 bytes).
    Removing gd32f4xx_usart.o(i.usart_smartcard_mode_nack_disable), (10 bytes).
    Removing gd32f4xx_usart.o(i.usart_smartcard_mode_nack_enable), (10 bytes).
    Removing gd32f4xx_usart.o(i.usart_synchronous_clock_config), (34 bytes).
    Removing gd32f4xx_usart.o(i.usart_synchronous_clock_disable), (10 bytes).
    Removing gd32f4xx_usart.o(i.usart_synchronous_clock_enable), (10 bytes).
    Removing gd32f4xx_dma.o(.rev16_text), (4 bytes).
    Removing gd32f4xx_dma.o(.revsh_text), (4 bytes).
    Removing gd32f4xx_dma.o(i.dma_circulation_disable), (32 bytes).
    Removing gd32f4xx_dma.o(i.dma_circulation_enable), (32 bytes).
    Removing gd32f4xx_dma.o(i.dma_fifo_status_get), (20 bytes).
    Removing gd32f4xx_dma.o(i.dma_flag_clear), (62 bytes).
    Removing gd32f4xx_dma.o(i.dma_flag_get), (76 bytes).
    Removing gd32f4xx_dma.o(i.dma_flow_controller_config), (64 bytes).
    Removing gd32f4xx_dma.o(i.dma_interrupt_disable), (62 bytes).
    Removing gd32f4xx_dma.o(i.dma_interrupt_enable), (62 bytes).
    Removing gd32f4xx_dma.o(i.dma_interrupt_flag_clear), (62 bytes).
    Removing gd32f4xx_dma.o(i.dma_interrupt_flag_get), (516 bytes).
    Removing gd32f4xx_dma.o(i.dma_memory_address_config), (32 bytes).
    Removing gd32f4xx_dma.o(i.dma_memory_address_generation_config), (64 bytes).
    Removing gd32f4xx_dma.o(i.dma_memory_burst_beats_config), (36 bytes).
    Removing gd32f4xx_dma.o(i.dma_memory_width_config), (36 bytes).
    Removing gd32f4xx_dma.o(i.dma_multi_data_mode_init), (356 bytes).
    Removing gd32f4xx_dma.o(i.dma_multi_data_para_struct_init), (40 bytes).
    Removing gd32f4xx_dma.o(i.dma_periph_address_config), (16 bytes).
    Removing gd32f4xx_dma.o(i.dma_periph_burst_beats_config), (36 bytes).
    Removing gd32f4xx_dma.o(i.dma_periph_width_config), (36 bytes).
    Removing gd32f4xx_dma.o(i.dma_peripheral_address_generation_config), (126 bytes).
    Removing gd32f4xx_dma.o(i.dma_priority_config), (36 bytes).
    Removing gd32f4xx_dma.o(i.dma_switch_buffer_mode_config), (76 bytes).
    Removing gd32f4xx_dma.o(i.dma_switch_buffer_mode_enable), (66 bytes).
    Removing gd32f4xx_dma.o(i.dma_transfer_direction_config), (36 bytes).
    Removing gd32f4xx_dma.o(i.dma_transfer_number_config), (16 bytes).
    Removing gd32f4xx_dma.o(i.dma_using_memory_get), (28 bytes).
    Removing gd32f4xx_misc.o(.rev16_text), (4 bytes).
    Removing gd32f4xx_misc.o(.revsh_text), (4 bytes).
    Removing gd32f4xx_misc.o(i.nvic_irq_disable), (24 bytes).
    Removing gd32f4xx_misc.o(i.nvic_vector_table_set), (24 bytes).
    Removing gd32f4xx_misc.o(i.system_lowpower_reset), (16 bytes).
    Removing gd32f4xx_misc.o(i.system_lowpower_set), (16 bytes).
    Removing gd32f4xx_misc.o(i.systick_clksource_set), (40 bytes).
    Removing gd32f4xx_exti.o(.rev16_text), (4 bytes).
    Removing gd32f4xx_exti.o(.revsh_text), (4 bytes).
    Removing gd32f4xx_exti.o(i.exti_deinit), (28 bytes).
    Removing gd32f4xx_exti.o(i.exti_event_disable), (16 bytes).
    Removing gd32f4xx_exti.o(i.exti_event_enable), (16 bytes).
    Removing gd32f4xx_exti.o(i.exti_flag_clear), (12 bytes).
    Removing gd32f4xx_exti.o(i.exti_flag_get), (24 bytes).
    Removing gd32f4xx_exti.o(i.exti_init), (188 bytes).
    Removing gd32f4xx_exti.o(i.exti_interrupt_disable), (16 bytes).
    Removing gd32f4xx_exti.o(i.exti_interrupt_enable), (16 bytes).
    Removing gd32f4xx_exti.o(i.exti_software_interrupt_disable), (16 bytes).
    Removing gd32f4xx_exti.o(i.exti_software_interrupt_enable), (16 bytes).
    Removing led.o(.rev16_text), (4 bytes).
    Removing led.o(.revsh_text), (4 bytes).
    Removing led.o(i.led_off), (92 bytes).
    Removing led.o(i.led_on), (92 bytes).
    Removing led.o(i.led_status), (100 bytes).
    Removing led.o(i.led_switch), (122 bytes).
    Removing test.o(.rev16_text), (4 bytes).
    Removing test.o(.revsh_text), (4 bytes).
    Removing test.o(i.testFlag_get), (12 bytes).
    Removing test.o(i.testFlag_set), (12 bytes).
    Removing test.o(.data), (1 bytes).
    Removing pwm.o(.rev16_text), (4 bytes).
    Removing pwm.o(.revsh_text), (4 bytes).
    Removing uart.o(.rev16_text), (4 bytes).
    Removing uart.o(.revsh_text), (4 bytes).
    Removing tracking.o(.rev16_text), (4 bytes).
    Removing tracking.o(.revsh_text), (4 bytes).
    Removing tracking.o(i.bsp_tracking_init), (208 bytes).
    Removing ultrasonic.o(.rev16_text), (4 bytes).
    Removing ultrasonic.o(.revsh_text), (4 bytes).
    Removing gd32f4xx_it.o(.rev16_text), (4 bytes).
    Removing gd32f4xx_it.o(.revsh_text), (4 bytes).
    Removing main.o(.rev16_text), (4 bytes).
    Removing main.o(.revsh_text), (4 bytes).
    Removing systick.o(.rev16_text), (4 bytes).
    Removing systick.o(.revsh_text), (4 bytes).
    Removing car.o(.rev16_text), (4 bytes).
    Removing car.o(.revsh_text), (4 bytes).
    Removing bluetooth.o(.rev16_text), (4 bytes).
    Removing bluetooth.o(.revsh_text), (4 bytes).
    Removing auto_track.o(.rev16_text), (4 bytes).
    Removing auto_track.o(.revsh_text), (4 bytes).
    Removing auto_track.o(i.task_auto_track_switch_get), (12 bytes).
    Removing obstaclevoidance.o(.rev16_text), (4 bytes).
    Removing obstaclevoidance.o(.revsh_text), (4 bytes).
    Removing system_gd32f4xx.o(.rev16_text), (4 bytes).
    Removing system_gd32f4xx.o(.revsh_text), (4 bytes).
    Removing system_gd32f4xx.o(i.SystemCoreClockUpdate), (272 bytes).
    Removing startup_gd32f450_470.o(HEAP), (1024 bytes).

247 unused section(s) (total 10519 bytes) removed from the image.

==============================================================================

Image Symbol Table

    Local Symbols

    Symbol Name                              Value     Ov Type        Size  Object(Section)

    ../clib/microlib/ctype/ctype.c           0x00000000   Number         0  ctype_c.o ABSOLUTE
    ../clib/microlib/ctype/ctype.c           0x00000000   Number         0  isspace_c.o ABSOLUTE
    ../clib/microlib/division.c              0x00000000   Number         0  uldiv.o ABSOLUTE
    ../clib/microlib/division.c              0x00000000   Number         0  uidiv.o ABSOLUTE
    ../clib/microlib/init/entry.s            0x00000000   Number         0  entry10b.o ABSOLUTE
    ../clib/microlib/init/entry.s            0x00000000   Number         0  entry11a.o ABSOLUTE
    ../clib/microlib/init/entry.s            0x00000000   Number         0  entry2.o ABSOLUTE
    ../clib/microlib/init/entry.s            0x00000000   Number         0  entry8b.o ABSOLUTE
    ../clib/microlib/init/entry.s            0x00000000   Number         0  entry11b.o ABSOLUTE
    ../clib/microlib/init/entry.s            0x00000000   Number         0  entry9a.o ABSOLUTE
    ../clib/microlib/init/entry.s            0x00000000   Number         0  entry.o ABSOLUTE
    ../clib/microlib/init/entry.s            0x00000000   Number         0  entry12a.o ABSOLUTE
    ../clib/microlib/init/entry.s            0x00000000   Number         0  entry8a.o ABSOLUTE
    ../clib/microlib/init/entry.s            0x00000000   Number         0  entry5.o ABSOLUTE
    ../clib/microlib/init/entry.s            0x00000000   Number         0  entry12b.o ABSOLUTE
    ../clib/microlib/init/entry.s            0x00000000   Number         0  entry7b.o ABSOLUTE
    ../clib/microlib/init/entry.s            0x00000000   Number         0  entry9b.o ABSOLUTE
    ../clib/microlib/init/entry.s            0x00000000   Number         0  entry7a.o ABSOLUTE
    ../clib/microlib/init/entry.s            0x00000000   Number         0  entry10a.o ABSOLUTE
    ../clib/microlib/longlong.c              0x00000000   Number         0  llshl.o ABSOLUTE
    ../clib/microlib/longlong.c              0x00000000   Number         0  llsshr.o ABSOLUTE
    ../clib/microlib/longlong.c              0x00000000   Number         0  llushr.o ABSOLUTE
    ../clib/microlib/printf/printf.c         0x00000000   Number         0  printf3.o ABSOLUTE
    ../clib/microlib/printf/printf.c         0x00000000   Number         0  printfa.o ABSOLUTE
    ../clib/microlib/printf/printf.c         0x00000000   Number         0  printf1.o ABSOLUTE
    ../clib/microlib/printf/printf.c         0x00000000   Number         0  printf8.o ABSOLUTE
    ../clib/microlib/printf/printf.c         0x00000000   Number         0  printf0.o ABSOLUTE
    ../clib/microlib/printf/printf.c         0x00000000   Number         0  printf2.o ABSOLUTE
    ../clib/microlib/printf/printf.c         0x00000000   Number         0  printfb.o ABSOLUTE
    ../clib/microlib/printf/printf.c         0x00000000   Number         0  printf4.o ABSOLUTE
    ../clib/microlib/printf/printf.c         0x00000000   Number         0  printf5.o ABSOLUTE
    ../clib/microlib/printf/printf.c         0x00000000   Number         0  printf6.o ABSOLUTE
    ../clib/microlib/printf/printf.c         0x00000000   Number         0  printf7.o ABSOLUTE
    ../clib/microlib/printf/stubs.s          0x00000000   Number         0  stubs.o ABSOLUTE
    ../clib/microlib/stdio/streams.c         0x00000000   Number         0  stdout.o ABSOLUTE
    ../clib/microlib/string/memset.c         0x00000000   Number         0  memseta.o ABSOLUTE
    ../clib/microlib/string/strcmp.c         0x00000000   Number         0  strcmp.o ABSOLUTE
    ../clib/microlib/string/strcpy.c         0x00000000   Number         0  strcpy.o ABSOLUTE
    ../clib/microlib/string/strtok.c         0x00000000   Number         0  strtok.o ABSOLUTE
    ../clib/microlib/string/strtok.c         0x00000000   Number         0  strtok_r.o ABSOLUTE
    ../clib/microlib/stubs.s                 0x00000000   Number         0  iusefp.o ABSOLUTE
    ../clib/scanf.c                          0x00000000   Number         0  scanf_char.o ABSOLUTE
    ../clib/scanf.c                          0x00000000   Number         0  _sgetc.o ABSOLUTE
    ../clib/scanf.c                          0x00000000   Number         0  _scanf.o ABSOLUTE
    ../clib/scanf.c                          0x00000000   Number         0  __0sscanf.o ABSOLUTE
    ../clib/scanf.c                          0x00000000   Number         0  _scanf_int.o ABSOLUTE
    ../clib/scanf.c                          0x00000000   Number         0  _chval.o ABSOLUTE
    ../fplib/microlib/fpadd.c                0x00000000   Number         0  dadd.o ABSOLUTE
    ../fplib/microlib/fpdiv.c                0x00000000   Number         0  ddiv.o ABSOLUTE
    ../fplib/microlib/fpepilogue.c           0x00000000   Number         0  depilogue.o ABSOLUTE
    ../fplib/microlib/fpfix.c                0x00000000   Number         0  dfixul.o ABSOLUTE
    ../fplib/microlib/fpflt.c                0x00000000   Number         0  dfltui.o ABSOLUTE
    ../fplib/microlib/fpmul.c                0x00000000   Number         0  dmul.o ABSOLUTE
    ..\Firmware\CMSIS\GD\GD32F4xx\Source\ARM\startup_gd32f450_470.s 0x00000000   Number         0  startup_gd32f450_470.o ABSOLUTE
    ..\Firmware\CMSIS\GD\GD32F4xx\Source\system_gd32f4xx.c 0x00000000   Number         0  system_gd32f4xx.o ABSOLUTE
    ..\Firmware\GD32F4xx_standard_peripheral\Source\gd32f4xx_dma.c 0x00000000   Number         0  gd32f4xx_dma.o ABSOLUTE
    ..\Firmware\GD32F4xx_standard_peripheral\Source\gd32f4xx_exti.c 0x00000000   Number         0  gd32f4xx_exti.o ABSOLUTE
    ..\Firmware\GD32F4xx_standard_peripheral\Source\gd32f4xx_gpio.c 0x00000000   Number         0  gd32f4xx_gpio.o ABSOLUTE
    ..\Firmware\GD32F4xx_standard_peripheral\Source\gd32f4xx_misc.c 0x00000000   Number         0  gd32f4xx_misc.o ABSOLUTE
    ..\Firmware\GD32F4xx_standard_peripheral\Source\gd32f4xx_rcu.c 0x00000000   Number         0  gd32f4xx_rcu.o ABSOLUTE
    ..\Firmware\GD32F4xx_standard_peripheral\Source\gd32f4xx_timer.c 0x00000000   Number         0  gd32f4xx_timer.o ABSOLUTE
    ..\Firmware\GD32F4xx_standard_peripheral\Source\gd32f4xx_usart.c 0x00000000   Number         0  gd32f4xx_usart.o ABSOLUTE
    ..\Hardware\led.c                        0x00000000   Number         0  led.o ABSOLUTE
    ..\Hardware\pwm.c                        0x00000000   Number         0  pwm.o ABSOLUTE
    ..\Hardware\test.c                       0x00000000   Number         0  test.o ABSOLUTE
    ..\Hardware\tracking.c                   0x00000000   Number         0  tracking.o ABSOLUTE
    ..\Hardware\uart.c                       0x00000000   Number         0  uart.o ABSOLUTE
    ..\Hardware\ultrasonic.c                 0x00000000   Number         0  ultrasonic.o ABSOLUTE
    ..\User\auto_track.c                     0x00000000   Number         0  auto_track.o ABSOLUTE
    ..\User\bluetooth.c                      0x00000000   Number         0  bluetooth.o ABSOLUTE
    ..\User\car.c                            0x00000000   Number         0  car.o ABSOLUTE
    ..\User\gd32f4xx_it.c                    0x00000000   Number         0  gd32f4xx_it.o ABSOLUTE
    ..\User\main.c                           0x00000000   Number         0  main.o ABSOLUTE
    ..\User\obstacleVoidance.c               0x00000000   Number         0  obstaclevoidance.o ABSOLUTE
    ..\User\systick.c                        0x00000000   Number         0  systick.o ABSOLUTE
    ..\\Firmware\\CMSIS\\GD\\GD32F4xx\\Source\\system_gd32f4xx.c 0x00000000   Number         0  system_gd32f4xx.o ABSOLUTE
    ..\\Firmware\\GD32F4xx_standard_peripheral\\Source\\gd32f4xx_dma.c 0x00000000   Number         0  gd32f4xx_dma.o ABSOLUTE
    ..\\Firmware\\GD32F4xx_standard_peripheral\\Source\\gd32f4xx_exti.c 0x00000000   Number         0  gd32f4xx_exti.o ABSOLUTE
    ..\\Firmware\\GD32F4xx_standard_peripheral\\Source\\gd32f4xx_gpio.c 0x00000000   Number         0  gd32f4xx_gpio.o ABSOLUTE
    ..\\Firmware\\GD32F4xx_standard_peripheral\\Source\\gd32f4xx_misc.c 0x00000000   Number         0  gd32f4xx_misc.o ABSOLUTE
    ..\\Firmware\\GD32F4xx_standard_peripheral\\Source\\gd32f4xx_rcu.c 0x00000000   Number         0  gd32f4xx_rcu.o ABSOLUTE
    ..\\Firmware\\GD32F4xx_standard_peripheral\\Source\\gd32f4xx_timer.c 0x00000000   Number         0  gd32f4xx_timer.o ABSOLUTE
    ..\\Firmware\\GD32F4xx_standard_peripheral\\Source\\gd32f4xx_usart.c 0x00000000   Number         0  gd32f4xx_usart.o ABSOLUTE
    ..\\Hardware\\led.c                      0x00000000   Number         0  led.o ABSOLUTE
    ..\\Hardware\\pwm.c                      0x00000000   Number         0  pwm.o ABSOLUTE
    ..\\Hardware\\test.c                     0x00000000   Number         0  test.o ABSOLUTE
    ..\\Hardware\\tracking.c                 0x00000000   Number         0  tracking.o ABSOLUTE
    ..\\Hardware\\uart.c                     0x00000000   Number         0  uart.o ABSOLUTE
    ..\\Hardware\\ultrasonic.c               0x00000000   Number         0  ultrasonic.o ABSOLUTE
    ..\\User\\auto_track.c                   0x00000000   Number         0  auto_track.o ABSOLUTE
    ..\\User\\bluetooth.c                    0x00000000   Number         0  bluetooth.o ABSOLUTE
    ..\\User\\car.c                          0x00000000   Number         0  car.o ABSOLUTE
    ..\\User\\gd32f4xx_it.c                  0x00000000   Number         0  gd32f4xx_it.o ABSOLUTE
    ..\\User\\main.c                         0x00000000   Number         0  main.o ABSOLUTE
    ..\\User\\obstacleVoidance.c             0x00000000   Number         0  obstaclevoidance.o ABSOLUTE
    ..\\User\\systick.c                      0x00000000   Number         0  systick.o ABSOLUTE
    cdcmple.s                                0x00000000   Number         0  cdcmple.o ABSOLUTE
    cdrcmple.s                               0x00000000   Number         0  cdrcmple.o ABSOLUTE
    dc.s                                     0x00000000   Number         0  dc.o ABSOLUTE
    handlers.s                               0x00000000   Number         0  handlers.o ABSOLUTE
    init.s                                   0x00000000   Number         0  init.o ABSOLUTE
    RESET                                    0x08000000   Section      428  startup_gd32f450_470.o(RESET)
    .ARM.Collect$$$$00000000                 0x080001ac   Section        0  entry.o(.ARM.Collect$$$$00000000)
    .ARM.Collect$$$$00000001                 0x080001ac   Section        4  entry2.o(.ARM.Collect$$$$00000001)
    .ARM.Collect$$$$00000004                 0x080001b0   Section        4  entry5.o(.ARM.Collect$$$$00000004)
    .ARM.Collect$$$$00000008                 0x080001b4   Section        0  entry7b.o(.ARM.Collect$$$$00000008)
    .ARM.Collect$$$$0000000A                 0x080001b4   Section        0  entry8b.o(.ARM.Collect$$$$0000000A)
    .ARM.Collect$$$$0000000B                 0x080001b4   Section        8  entry9a.o(.ARM.Collect$$$$0000000B)
    .ARM.Collect$$$$0000000E                 0x080001bc   Section        4  entry12b.o(.ARM.Collect$$$$0000000E)
    .ARM.Collect$$$$0000000F                 0x080001c0   Section        0  entry10a.o(.ARM.Collect$$$$0000000F)
    .ARM.Collect$$$$00000011                 0x080001c0   Section        0  entry11a.o(.ARM.Collect$$$$00000011)
    .ARM.Collect$$$$00002712                 0x080001c0   Section        4  entry2.o(.ARM.Collect$$$$00002712)
    __lit__00000000                          0x080001c0   Data           4  entry2.o(.ARM.Collect$$$$00002712)
    .text                                    0x080001c4   Section       36  startup_gd32f450_470.o(.text)
    $v0                                      0x080001c4   Number         0  startup_gd32f450_470.o(.text)
    .text                                    0x080001e8   Section        0  memseta.o(.text)
    .text                                    0x0800020c   Section        0  strcmp.o(.text)
    .text                                    0x08000228   Section        0  strcpy.o(.text)
    .text                                    0x0800023c   Section        0  strtok.o(.text)
    .text                                    0x08000280   Section        0  __0sscanf.o(.text)
    .text                                    0x080002b8   Section        0  _scanf_int.o(.text)
    .text                                    0x08000404   Section        0  dmul.o(.text)
    .text                                    0x080004e8   Section        0  dfltui.o(.text)
    .text                                    0x08000504   Section       48  cdcmple.o(.text)
    .text                                    0x08000534   Section        0  uidiv.o(.text)
    .text                                    0x08000560   Section        0  uldiv.o(.text)
    .text                                    0x080005c2   Section        0  _chval.o(.text)
    .text                                    0x080005e0   Section        0  scanf_char.o(.text)
    _scanf_char_input                        0x080005e1   Thumb Code    12  scanf_char.o(.text)
    .text                                    0x08000608   Section        0  _sgetc.o(.text)
    .text                                    0x08000648   Section        0  iusefp.o(.text)
    .text                                    0x08000648   Section        0  depilogue.o(.text)
    .text                                    0x08000702   Section        0  dadd.o(.text)
    .text                                    0x08000850   Section        0  ddiv.o(.text)
    .text                                    0x0800092e   Section        0  dfixul.o(.text)
    .text                                    0x08000960   Section       48  cdrcmple.o(.text)
    .text                                    0x08000990   Section       36  init.o(.text)
    .text                                    0x080009b4   Section        0  llshl.o(.text)
    .text                                    0x080009d2   Section        0  llushr.o(.text)
    .text                                    0x080009f2   Section        0  llsshr.o(.text)
    .text                                    0x08000a16   Section        0  isspace_c.o(.text)
    .text                                    0x08000a20   Section        0  _scanf.o(.text)
    .text                                    0x08000d50   Section        0  ctype_c.o(.text)
    i.BusFault_Handler                       0x08000d78   Section        0  gd32f4xx_it.o(i.BusFault_Handler)
    i.DebugMon_Handler                       0x08000d7c   Section        0  gd32f4xx_it.o(i.DebugMon_Handler)
    i.EXTI10_15_IRQHandler                   0x08000d80   Section        0  tracking.o(i.EXTI10_15_IRQHandler)
    i.EXTI5_9_IRQHandler                     0x08000dd0   Section        0  tracking.o(i.EXTI5_9_IRQHandler)
    i.HardFault_Handler                      0x08000e34   Section        0  gd32f4xx_it.o(i.HardFault_Handler)
    i.MemManage_Handler                      0x08000e38   Section        0  gd32f4xx_it.o(i.MemManage_Handler)
    i.NMI_Handler                            0x08000e3c   Section        0  gd32f4xx_it.o(i.NMI_Handler)
    i.NVIC_SetPriority                       0x08000e40   Section        0  systick.o(i.NVIC_SetPriority)
    NVIC_SetPriority                         0x08000e41   Thumb Code    32  systick.o(i.NVIC_SetPriority)
    i.PendSV_Handler                         0x08000e68   Section        0  gd32f4xx_it.o(i.PendSV_Handler)
    i.SVC_Handler                            0x08000e6a   Section        0  gd32f4xx_it.o(i.SVC_Handler)
    i.SysTick_Handler                        0x08000e6c   Section        0  gd32f4xx_it.o(i.SysTick_Handler)
    i.SystemInit                             0x08000e74   Section        0  system_gd32f4xx.o(i.SystemInit)
    i.TIMER5_DAC_IRQHandler                  0x08000f48   Section        0  ultrasonic.o(i.TIMER5_DAC_IRQHandler)
    i.USART0_IRQHandler                      0x08000f68   Section        0  uart.o(i.USART0_IRQHandler)
    i.USART2_IRQHandler                      0x08000fb0   Section        0  uart.o(i.USART2_IRQHandler)
    i.UsageFault_Handler                     0x08001004   Section        0  gd32f4xx_it.o(i.UsageFault_Handler)
    i.__0printf                              0x08001008   Section        0  printfa.o(i.__0printf)
    i.__scatterload_copy                     0x08001028   Section       14  handlers.o(i.__scatterload_copy)
    i.__scatterload_null                     0x08001036   Section        2  handlers.o(i.__scatterload_null)
    i.__scatterload_zeroinit                 0x08001038   Section       14  handlers.o(i.__scatterload_zeroinit)
    i._fp_digits                             0x08001048   Section        0  printfa.o(i._fp_digits)
    _fp_digits                               0x08001049   Thumb Code   366  printfa.o(i._fp_digits)
    i._printf_core                           0x080011cc   Section        0  printfa.o(i._printf_core)
    _printf_core                             0x080011cd   Thumb Code  1704  printfa.o(i._printf_core)
    i._printf_post_padding                   0x08001880   Section        0  printfa.o(i._printf_post_padding)
    _printf_post_padding                     0x08001881   Thumb Code    36  printfa.o(i._printf_post_padding)
    i._printf_pre_padding                    0x080018a4   Section        0  printfa.o(i._printf_pre_padding)
    _printf_pre_padding                      0x080018a5   Thumb Code    46  printfa.o(i._printf_pre_padding)
    i.bluetooth_init                         0x080018d4   Section        0  bluetooth.o(i.bluetooth_init)
    i.bluetooth_msgToCmd                     0x080018e4   Section        0  bluetooth.o(i.bluetooth_msgToCmd)
    i.bluetooth_msg_handler                  0x08001924   Section        0  bluetooth.o(i.bluetooth_msg_handler)
    i.bsp_io_init                            0x08001a40   Section        0  pwm.o(i.bsp_io_init)
    i.bsp_pwm_dutyRatio_edit                 0x08001a74   Section        0  pwm.o(i.bsp_pwm_dutyRatio_edit)
    i.bsp_pwm_init                           0x08001af4   Section        0  pwm.o(i.bsp_pwm_init)
    i.bsp_timer_init                         0x08001b60   Section        0  pwm.o(i.bsp_timer_init)
    i.bsp_timer_output_init                  0x08001b9a   Section        0  pwm.o(i.bsp_timer_output_init)
    i.bsp_tracking_flag                      0x08001bdc   Section        0  tracking.o(i.bsp_tracking_flag)
    i.bsp_uart_dmaRX                         0x08001c24   Section        0  uart.o(i.bsp_uart_dmaRX)
    i.bsp_uart_init                          0x08001d10   Section        0  uart.o(i.bsp_uart_init)
    i.bsp_uart_init_                         0x08001df4   Section        0  uart.o(i.bsp_uart_init_)
    i.bsp_uart_print_set                     0x08001f00   Section        0  uart.o(i.bsp_uart_print_set)
    i.bsp_ultrasonic_distance_get            0x08001f0c   Section        0  ultrasonic.o(i.bsp_ultrasonic_distance_get)
    i.bsp_ultrasonic_init                    0x08001f18   Section        0  ultrasonic.o(i.bsp_ultrasonic_init)
    i.bsp_ultrasonic_recFlag_get             0x08001f94   Section        0  ultrasonic.o(i.bsp_ultrasonic_recFlag_get)
    i.bsp_ultrasonic_rec_flag_get            0x08001fa4   Section        0  ultrasonic.o(i.bsp_ultrasonic_rec_flag_get)
    i.bsp_ultrasonic_rec_flag_set            0x08001fb0   Section        0  ultrasonic.o(i.bsp_ultrasonic_rec_flag_set)
    i.bsp_ultrasonic_rec_task                0x08001fbc   Section        0  ultrasonic.o(i.bsp_ultrasonic_rec_task)
    i.bsp_ultrasonic_send                    0x08002028   Section        0  ultrasonic.o(i.bsp_ultrasonic_send)
    i.bsp_usart2_ISR_set                     0x08002058   Section        0  uart.o(i.bsp_usart2_ISR_set)
    i.car_backward                           0x08002064   Section        0  car.o(i.car_backward)
    i.car_brake                              0x0800207e   Section        0  car.o(i.car_brake)
    i.car_forward                            0x080020a6   Section        0  car.o(i.car_forward)
    i.car_forward_2                          0x080020c0   Section        0  car.o(i.car_forward_2)
    i.car_left                               0x080020dc   Section        0  car.o(i.car_left)
    i.car_right                              0x080020f6   Section        0  car.o(i.car_right)
    i.car_stop                               0x08002110   Section        0  car.o(i.car_stop)
    i.delay_1ms                              0x08002134   Section        0  systick.o(i.delay_1ms)
    i.delay_1us                              0x0800214c   Section        0  systick.o(i.delay_1us)
    i.delay_decrement                        0x08002160   Section        0  systick.o(i.delay_decrement)
    i.dma_channel_disable                    0x08002178   Section        0  gd32f4xx_dma.o(i.dma_channel_disable)
    i.dma_channel_enable                     0x08002198   Section        0  gd32f4xx_dma.o(i.dma_channel_enable)
    i.dma_channel_subperipheral_select       0x080021b8   Section        0  gd32f4xx_dma.o(i.dma_channel_subperipheral_select)
    i.dma_deinit                             0x080021de   Section        0  gd32f4xx_dma.o(i.dma_deinit)
    i.dma_single_data_mode_init              0x08002284   Section        0  gd32f4xx_dma.o(i.dma_single_data_mode_init)
    i.dma_single_data_para_struct_init       0x080023dc   Section        0  gd32f4xx_dma.o(i.dma_single_data_para_struct_init)
    i.dma_transfer_number_get                0x080023fe   Section        0  gd32f4xx_dma.o(i.dma_transfer_number_get)
    i.exti_interrupt_flag_clear              0x08002410   Section        0  gd32f4xx_exti.o(i.exti_interrupt_flag_clear)
    i.exti_interrupt_flag_get                0x0800241c   Section        0  gd32f4xx_exti.o(i.exti_interrupt_flag_get)
    i.fputc                                  0x08002434   Section        0  uart.o(i.fputc)
    i.gpio_af_set                            0x08002468   Section        0  gd32f4xx_gpio.o(i.gpio_af_set)
    i.gpio_bit_reset                         0x080024c6   Section        0  gd32f4xx_gpio.o(i.gpio_bit_reset)
    i.gpio_bit_set                           0x080024ca   Section        0  gd32f4xx_gpio.o(i.gpio_bit_set)
    i.gpio_input_bit_get                     0x080024ce   Section        0  gd32f4xx_gpio.o(i.gpio_input_bit_get)
    i.gpio_mode_set                          0x080024de   Section        0  gd32f4xx_gpio.o(i.gpio_mode_set)
    i.gpio_output_options_set                0x0800252c   Section        0  gd32f4xx_gpio.o(i.gpio_output_options_set)
    i.led_init                               0x08002570   Section        0  led.o(i.led_init)
    i.main                                   0x08002604   Section        0  main.o(i.main)
    i.nvic_irq_enable                        0x08002684   Section        0  gd32f4xx_misc.o(i.nvic_irq_enable)
    i.nvic_priority_group_set                0x08002748   Section        0  gd32f4xx_misc.o(i.nvic_priority_group_set)
    i.rcu_clock_freq_get                     0x0800275c   Section        0  gd32f4xx_rcu.o(i.rcu_clock_freq_get)
    i.rcu_periph_clock_enable                0x08002880   Section        0  gd32f4xx_rcu.o(i.rcu_periph_clock_enable)
    i.rcu_timer_clock_prescaler_config       0x080028a4   Section        0  gd32f4xx_rcu.o(i.rcu_timer_clock_prescaler_config)
    i.system_clock_240m_irc16m               0x080028c8   Section        0  system_gd32f4xx.o(i.system_clock_240m_irc16m)
    system_clock_240m_irc16m                 0x080028c9   Thumb Code   238  system_gd32f4xx.o(i.system_clock_240m_irc16m)
    i.system_clock_config                    0x080029c4   Section        0  system_gd32f4xx.o(i.system_clock_config)
    system_clock_config                      0x080029c5   Thumb Code     8  system_gd32f4xx.o(i.system_clock_config)
    i.systick_config                         0x080029cc   Section        0  systick.o(i.systick_config)
    i.task_auto_track                        0x08002a1c   Section        0  auto_track.o(i.task_auto_track)
    i.task_auto_track_switch_set             0x08002d6c   Section        0  auto_track.o(i.task_auto_track_switch_set)
    i.task_obstacleVoidance                  0x08002d78   Section        0  obstaclevoidance.o(i.task_obstacleVoidance)
    i.timer_auto_reload_shadow_enable        0x08002df4   Section        0  gd32f4xx_timer.o(i.timer_auto_reload_shadow_enable)
    i.timer_channel_output_config            0x08002e00   Section        0  gd32f4xx_timer.o(i.timer_channel_output_config)
    i.timer_channel_output_mode_config       0x08002fec   Section        0  gd32f4xx_timer.o(i.timer_channel_output_mode_config)
    i.timer_channel_output_pulse_value_config 0x08003046   Section        0  gd32f4xx_timer.o(i.timer_channel_output_pulse_value_config)
    i.timer_channel_output_shadow_config     0x0800306c   Section        0  gd32f4xx_timer.o(i.timer_channel_output_shadow_config)
    i.timer_channel_output_struct_para_init  0x080030c6   Section        0  gd32f4xx_timer.o(i.timer_channel_output_struct_para_init)
    i.timer_enable                           0x080030d6   Section        0  gd32f4xx_timer.o(i.timer_enable)
    i.timer_init                             0x080030e0   Section        0  gd32f4xx_timer.o(i.timer_init)
    i.timer_interrupt_enable                 0x08003178   Section        0  gd32f4xx_timer.o(i.timer_interrupt_enable)
    i.timer_interrupt_flag_clear             0x08003180   Section        0  gd32f4xx_timer.o(i.timer_interrupt_flag_clear)
    i.timer_interrupt_flag_get               0x08003186   Section        0  gd32f4xx_timer.o(i.timer_interrupt_flag_get)
    i.timer_struct_para_init                 0x0800319e   Section        0  gd32f4xx_timer.o(i.timer_struct_para_init)
    i.usart_baudrate_set                     0x080031b4   Section        0  gd32f4xx_usart.o(i.usart_baudrate_set)
    i.usart_data_receive                     0x0800329c   Section        0  gd32f4xx_usart.o(i.usart_data_receive)
    i.usart_data_transmit                    0x080032a6   Section        0  gd32f4xx_usart.o(i.usart_data_transmit)
    i.usart_dma_receive_config               0x080032ae   Section        0  gd32f4xx_usart.o(i.usart_dma_receive_config)
    i.usart_enable                           0x080032c2   Section        0  gd32f4xx_usart.o(i.usart_enable)
    i.usart_flag_clear                       0x080032cc   Section        0  gd32f4xx_usart.o(i.usart_flag_clear)
    i.usart_flag_get                         0x080032e6   Section        0  gd32f4xx_usart.o(i.usart_flag_get)
    i.usart_interrupt_enable                 0x08003304   Section        0  gd32f4xx_usart.o(i.usart_interrupt_enable)
    i.usart_interrupt_flag_clear             0x0800331e   Section        0  gd32f4xx_usart.o(i.usart_interrupt_flag_clear)
    i.usart_interrupt_flag_get               0x08003338   Section        0  gd32f4xx_usart.o(i.usart_interrupt_flag_get)
    i.usart_parity_config                    0x08003370   Section        0  gd32f4xx_usart.o(i.usart_parity_config)
    i.usart_receive_config                   0x08003380   Section        0  gd32f4xx_usart.o(i.usart_receive_config)
    i.usart_stop_bit_set                     0x08003390   Section        0  gd32f4xx_usart.o(i.usart_stop_bit_set)
    i.usart_transmit_config                  0x080033a0   Section        0  gd32f4xx_usart.o(i.usart_transmit_config)
    i.usart_word_length_set                  0x080033b0   Section        0  gd32f4xx_usart.o(i.usart_word_length_set)
    .constdata                               0x080033c0   Section       64  ctype_c.o(.constdata)
    .data                                    0x20000000   Section        8  uart.o(.data)
    .data                                    0x20000008   Section        5  tracking.o(.data)
    .data                                    0x20000010   Section       16  ultrasonic.o(.data)
    .data                                    0x20000020   Section        4  systick.o(.data)
    delay                                    0x20000020   Data           4  systick.o(.data)
    .data                                    0x20000024   Section        1  auto_track.o(.data)
    .data                                    0x20000028   Section        4  system_gd32f4xx.o(.data)
    .data                                    0x2000002c   Section        4  strtok.o(.data)
    state                                    0x2000002c   Data           4  strtok.o(.data)
    .data                                    0x20000030   Section        4  stdout.o(.data)
    .bss                                     0x20000034   Section      376  uart.o(.bss)
    .bss                                     0x200001ac   Section      640  bluetooth.o(.bss)
    STACK                                    0x20000430   Section     1024  startup_gd32f450_470.o(STACK)

    Global Symbols

    Symbol Name                              Value     Ov Type        Size  Object(Section)

    BuildAttributes$$THM_ISAv4$E$P$D$K$B$S$7EM$VFPi3$EXTD16$VFPS$VFMA$PE$A:L22UL41UL21$X:L11$S22US41US21$IEEE1$IW$USESV6$~STKCKD$USESV7$~SHL$OSPACE$ROPI$EBA8$MICROLIB$REQ8$PRES8$EABIv2 0x00000000   Number         0  anon$$obj.o ABSOLUTE
    __ARM_use_no_argv                        0x00000000   Number         0  main.o ABSOLUTE
    _printf_a                                0x00000000   Number         0  stubs.o ABSOLUTE
    _printf_c                                0x00000000   Number         0  stubs.o ABSOLUTE
    _printf_charcount                        0x00000000   Number         0  stubs.o ABSOLUTE
    _printf_d                                0x00000000   Number         0  stubs.o ABSOLUTE
    _printf_e                                0x00000000   Number         0  stubs.o ABSOLUTE
    _printf_f                                0x00000000   Number         0  stubs.o ABSOLUTE
    _printf_flags                            0x00000000   Number         0  stubs.o ABSOLUTE
    _printf_fp_dec                           0x00000000   Number         0  stubs.o ABSOLUTE
    _printf_fp_hex                           0x00000000   Number         0  stubs.o ABSOLUTE
    _printf_g                                0x00000000   Number         0  stubs.o ABSOLUTE
    _printf_i                                0x00000000   Number         0  stubs.o ABSOLUTE
    _printf_int_dec                          0x00000000   Number         0  stubs.o ABSOLUTE
    _printf_l                                0x00000000   Number         0  stubs.o ABSOLUTE
    _printf_lc                               0x00000000   Number         0  stubs.o ABSOLUTE
    _printf_ll                               0x00000000   Number         0  stubs.o ABSOLUTE
    _printf_lld                              0x00000000   Number         0  stubs.o ABSOLUTE
    _printf_lli                              0x00000000   Number         0  stubs.o ABSOLUTE
    _printf_llo                              0x00000000   Number         0  stubs.o ABSOLUTE
    _printf_llu                              0x00000000   Number         0  stubs.o ABSOLUTE
    _printf_llx                              0x00000000   Number         0  stubs.o ABSOLUTE
    _printf_longlong_dec                     0x00000000   Number         0  stubs.o ABSOLUTE
    _printf_longlong_hex                     0x00000000   Number         0  stubs.o ABSOLUTE
    _printf_longlong_oct                     0x00000000   Number         0  stubs.o ABSOLUTE
    _printf_ls                               0x00000000   Number         0  stubs.o ABSOLUTE
    _printf_mbtowc                           0x00000000   Number         0  stubs.o ABSOLUTE
    _printf_n                                0x00000000   Number         0  stubs.o ABSOLUTE
    _printf_o                                0x00000000   Number         0  stubs.o ABSOLUTE
    _printf_p                                0x00000000   Number         0  stubs.o ABSOLUTE
    _printf_percent                          0x00000000   Number         0  stubs.o ABSOLUTE
    _printf_pre_padding                      0x00000000   Number         0  stubs.o ABSOLUTE
    _printf_return_value                     0x00000000   Number         0  stubs.o ABSOLUTE
    _printf_s                                0x00000000   Number         0  stubs.o ABSOLUTE
    _printf_sizespec                         0x00000000   Number         0  stubs.o ABSOLUTE
    _printf_str                              0x00000000   Number         0  stubs.o ABSOLUTE
    _printf_truncate_signed                  0x00000000   Number         0  stubs.o ABSOLUTE
    _printf_truncate_unsigned                0x00000000   Number         0  stubs.o ABSOLUTE
    _printf_u                                0x00000000   Number         0  stubs.o ABSOLUTE
    _printf_wc                               0x00000000   Number         0  stubs.o ABSOLUTE
    _printf_wctomb                           0x00000000   Number         0  stubs.o ABSOLUTE
    _printf_widthprec                        0x00000000   Number         0  stubs.o ABSOLUTE
    _printf_x                                0x00000000   Number         0  stubs.o ABSOLUTE
    __arm_fini_                               - Undefined Weak Reference
    __cpp_initialize__aeabi_                  - Undefined Weak Reference
    __cxa_finalize                            - Undefined Weak Reference
    __decompress                              - Undefined Weak Reference
    _clock_init                               - Undefined Weak Reference
    _microlib_exit                            - Undefined Weak Reference
    _scanf_longlong                           - Undefined Weak Reference
    _scanf_real                               - Undefined Weak Reference
    _scanf_string                             - Undefined Weak Reference
    __Vectors_Size                           0x000001ac   Number         0  startup_gd32f450_470.o ABSOLUTE
    __Vectors                                0x08000000   Data           4  startup_gd32f450_470.o(RESET)
    __Vectors_End                            0x080001ac   Data           0  startup_gd32f450_470.o(RESET)
    __main                                   0x080001ad   Thumb Code     0  entry.o(.ARM.Collect$$$$00000000)
    _main_stk                                0x080001ad   Thumb Code     0  entry2.o(.ARM.Collect$$$$00000001)
    _main_scatterload                        0x080001b1   Thumb Code     0  entry5.o(.ARM.Collect$$$$00000004)
    __main_after_scatterload                 0x080001b5   Thumb Code     0  entry5.o(.ARM.Collect$$$$00000004)
    _main_clock                              0x080001b5   Thumb Code     0  entry7b.o(.ARM.Collect$$$$00000008)
    _main_cpp_init                           0x080001b5   Thumb Code     0  entry8b.o(.ARM.Collect$$$$0000000A)
    _main_init                               0x080001b5   Thumb Code     0  entry9a.o(.ARM.Collect$$$$0000000B)
    __rt_lib_shutdown_fini                   0x080001bd   Thumb Code     0  entry12b.o(.ARM.Collect$$$$0000000E)
    __rt_final_cpp                           0x080001c1   Thumb Code     0  entry10a.o(.ARM.Collect$$$$0000000F)
    __rt_final_exit                          0x080001c1   Thumb Code     0  entry11a.o(.ARM.Collect$$$$00000011)
    Reset_Handler                            0x080001c5   Thumb Code     8  startup_gd32f450_470.o(.text)
    ADC_IRQHandler                           0x080001df   Thumb Code     0  startup_gd32f450_470.o(.text)
    CAN0_EWMC_IRQHandler                     0x080001df   Thumb Code     0  startup_gd32f450_470.o(.text)
    CAN0_RX0_IRQHandler                      0x080001df   Thumb Code     0  startup_gd32f450_470.o(.text)
    CAN0_RX1_IRQHandler                      0x080001df   Thumb Code     0  startup_gd32f450_470.o(.text)
    CAN0_TX_IRQHandler                       0x080001df   Thumb Code     0  startup_gd32f450_470.o(.text)
    CAN1_EWMC_IRQHandler                     0x080001df   Thumb Code     0  startup_gd32f450_470.o(.text)
    CAN1_RX0_IRQHandler                      0x080001df   Thumb Code     0  startup_gd32f450_470.o(.text)
    CAN1_RX1_IRQHandler                      0x080001df   Thumb Code     0  startup_gd32f450_470.o(.text)
    CAN1_TX_IRQHandler                       0x080001df   Thumb Code     0  startup_gd32f450_470.o(.text)
    DCI_IRQHandler                           0x080001df   Thumb Code     0  startup_gd32f450_470.o(.text)
    DMA0_Channel0_IRQHandler                 0x080001df   Thumb Code     0  startup_gd32f450_470.o(.text)
    DMA0_Channel1_IRQHandler                 0x080001df   Thumb Code     0  startup_gd32f450_470.o(.text)
    DMA0_Channel2_IRQHandler                 0x080001df   Thumb Code     0  startup_gd32f450_470.o(.text)
    DMA0_Channel3_IRQHandler                 0x080001df   Thumb Code     0  startup_gd32f450_470.o(.text)
    DMA0_Channel4_IRQHandler                 0x080001df   Thumb Code     0  startup_gd32f450_470.o(.text)
    DMA0_Channel5_IRQHandler                 0x080001df   Thumb Code     0  startup_gd32f450_470.o(.text)
    DMA0_Channel6_IRQHandler                 0x080001df   Thumb Code     0  startup_gd32f450_470.o(.text)
    DMA0_Channel7_IRQHandler                 0x080001df   Thumb Code     0  startup_gd32f450_470.o(.text)
    DMA1_Channel0_IRQHandler                 0x080001df   Thumb Code     0  startup_gd32f450_470.o(.text)
    DMA1_Channel1_IRQHandler                 0x080001df   Thumb Code     0  startup_gd32f450_470.o(.text)
    DMA1_Channel2_IRQHandler                 0x080001df   Thumb Code     0  startup_gd32f450_470.o(.text)
    DMA1_Channel3_IRQHandler                 0x080001df   Thumb Code     0  startup_gd32f450_470.o(.text)
    DMA1_Channel4_IRQHandler                 0x080001df   Thumb Code     0  startup_gd32f450_470.o(.text)
    DMA1_Channel5_IRQHandler                 0x080001df   Thumb Code     0  startup_gd32f450_470.o(.text)
    DMA1_Channel6_IRQHandler                 0x080001df   Thumb Code     0  startup_gd32f450_470.o(.text)
    DMA1_Channel7_IRQHandler                 0x080001df   Thumb Code     0  startup_gd32f450_470.o(.text)
    ENET_IRQHandler                          0x080001df   Thumb Code     0  startup_gd32f450_470.o(.text)
    ENET_WKUP_IRQHandler                     0x080001df   Thumb Code     0  startup_gd32f450_470.o(.text)
    EXMC_IRQHandler                          0x080001df   Thumb Code     0  startup_gd32f450_470.o(.text)
    EXTI0_IRQHandler                         0x080001df   Thumb Code     0  startup_gd32f450_470.o(.text)
    EXTI1_IRQHandler                         0x080001df   Thumb Code     0  startup_gd32f450_470.o(.text)
    EXTI2_IRQHandler                         0x080001df   Thumb Code     0  startup_gd32f450_470.o(.text)
    EXTI3_IRQHandler                         0x080001df   Thumb Code     0  startup_gd32f450_470.o(.text)
    EXTI4_IRQHandler                         0x080001df   Thumb Code     0  startup_gd32f450_470.o(.text)
    FMC_IRQHandler                           0x080001df   Thumb Code     0  startup_gd32f450_470.o(.text)
    FPU_IRQHandler                           0x080001df   Thumb Code     0  startup_gd32f450_470.o(.text)
    I2C0_ER_IRQHandler                       0x080001df   Thumb Code     0  startup_gd32f450_470.o(.text)
    I2C0_EV_IRQHandler                       0x080001df   Thumb Code     0  startup_gd32f450_470.o(.text)
    I2C1_ER_IRQHandler                       0x080001df   Thumb Code     0  startup_gd32f450_470.o(.text)
    I2C1_EV_IRQHandler                       0x080001df   Thumb Code     0  startup_gd32f450_470.o(.text)
    I2C2_ER_IRQHandler                       0x080001df   Thumb Code     0  startup_gd32f450_470.o(.text)
    I2C2_EV_IRQHandler                       0x080001df   Thumb Code     0  startup_gd32f450_470.o(.text)
    IPA_IRQHandler                           0x080001df   Thumb Code     0  startup_gd32f450_470.o(.text)
    LVD_IRQHandler                           0x080001df   Thumb Code     0  startup_gd32f450_470.o(.text)
    RCU_CTC_IRQHandler                       0x080001df   Thumb Code     0  startup_gd32f450_470.o(.text)
    RTC_Alarm_IRQHandler                     0x080001df   Thumb Code     0  startup_gd32f450_470.o(.text)
    RTC_WKUP_IRQHandler                      0x080001df   Thumb Code     0  startup_gd32f450_470.o(.text)
    SDIO_IRQHandler                          0x080001df   Thumb Code     0  startup_gd32f450_470.o(.text)
    SPI0_IRQHandler                          0x080001df   Thumb Code     0  startup_gd32f450_470.o(.text)
    SPI1_IRQHandler                          0x080001df   Thumb Code     0  startup_gd32f450_470.o(.text)
    SPI2_IRQHandler                          0x080001df   Thumb Code     0  startup_gd32f450_470.o(.text)
    SPI3_IRQHandler                          0x080001df   Thumb Code     0  startup_gd32f450_470.o(.text)
    SPI4_IRQHandler                          0x080001df   Thumb Code     0  startup_gd32f450_470.o(.text)
    SPI5_IRQHandler                          0x080001df   Thumb Code     0  startup_gd32f450_470.o(.text)
    TAMPER_STAMP_IRQHandler                  0x080001df   Thumb Code     0  startup_gd32f450_470.o(.text)
    TIMER0_BRK_TIMER8_IRQHandler             0x080001df   Thumb Code     0  startup_gd32f450_470.o(.text)
    TIMER0_Channel_IRQHandler                0x080001df   Thumb Code     0  startup_gd32f450_470.o(.text)
    TIMER0_TRG_CMT_TIMER10_IRQHandler        0x080001df   Thumb Code     0  startup_gd32f450_470.o(.text)
    TIMER0_UP_TIMER9_IRQHandler              0x080001df   Thumb Code     0  startup_gd32f450_470.o(.text)
    TIMER1_IRQHandler                        0x080001df   Thumb Code     0  startup_gd32f450_470.o(.text)
    TIMER2_IRQHandler                        0x080001df   Thumb Code     0  startup_gd32f450_470.o(.text)
    TIMER3_IRQHandler                        0x080001df   Thumb Code     0  startup_gd32f450_470.o(.text)
    TIMER4_IRQHandler                        0x080001df   Thumb Code     0  startup_gd32f450_470.o(.text)
    TIMER6_IRQHandler                        0x080001df   Thumb Code     0  startup_gd32f450_470.o(.text)
    TIMER7_BRK_TIMER11_IRQHandler            0x080001df   Thumb Code     0  startup_gd32f450_470.o(.text)
    TIMER7_Channel_IRQHandler                0x080001df   Thumb Code     0  startup_gd32f450_470.o(.text)
    TIMER7_TRG_CMT_TIMER13_IRQHandler        0x080001df   Thumb Code     0  startup_gd32f450_470.o(.text)
    TIMER7_UP_TIMER12_IRQHandler             0x080001df   Thumb Code     0  startup_gd32f450_470.o(.text)
    TLI_ER_IRQHandler                        0x080001df   Thumb Code     0  startup_gd32f450_470.o(.text)
    TLI_IRQHandler                           0x080001df   Thumb Code     0  startup_gd32f450_470.o(.text)
    TRNG_IRQHandler                          0x080001df   Thumb Code     0  startup_gd32f450_470.o(.text)
    UART3_IRQHandler                         0x080001df   Thumb Code     0  startup_gd32f450_470.o(.text)
    UART4_IRQHandler                         0x080001df   Thumb Code     0  startup_gd32f450_470.o(.text)
    UART6_IRQHandler                         0x080001df   Thumb Code     0  startup_gd32f450_470.o(.text)
    UART7_IRQHandler                         0x080001df   Thumb Code     0  startup_gd32f450_470.o(.text)
    USART1_IRQHandler                        0x080001df   Thumb Code     0  startup_gd32f450_470.o(.text)
    USART5_IRQHandler                        0x080001df   Thumb Code     0  startup_gd32f450_470.o(.text)
    USBFS_IRQHandler                         0x080001df   Thumb Code     0  startup_gd32f450_470.o(.text)
    USBFS_WKUP_IRQHandler                    0x080001df   Thumb Code     0  startup_gd32f450_470.o(.text)
    USBHS_EP1_In_IRQHandler                  0x080001df   Thumb Code     0  startup_gd32f450_470.o(.text)
    USBHS_EP1_Out_IRQHandler                 0x080001df   Thumb Code     0  startup_gd32f450_470.o(.text)
    USBHS_IRQHandler                         0x080001df   Thumb Code     0  startup_gd32f450_470.o(.text)
    USBHS_WKUP_IRQHandler                    0x080001df   Thumb Code     0  startup_gd32f450_470.o(.text)
    WWDGT_IRQHandler                         0x080001df   Thumb Code     0  startup_gd32f450_470.o(.text)
    __aeabi_memset                           0x080001e9   Thumb Code    14  memseta.o(.text)
    __aeabi_memset4                          0x080001e9   Thumb Code     0  memseta.o(.text)
    __aeabi_memset8                          0x080001e9   Thumb Code     0  memseta.o(.text)
    __aeabi_memclr                           0x080001f7   Thumb Code     4  memseta.o(.text)
    __aeabi_memclr4                          0x080001f7   Thumb Code     0  memseta.o(.text)
    __aeabi_memclr8                          0x080001f7   Thumb Code     0  memseta.o(.text)
    _memset$wrapper                          0x080001fb   Thumb Code    18  memseta.o(.text)
    strcmp                                   0x0800020d   Thumb Code    28  strcmp.o(.text)
    strcpy                                   0x08000229   Thumb Code    18  strcpy.o(.text)
    strtok                                   0x0800023d   Thumb Code    62  strtok.o(.text)
    __0sscanf                                0x08000281   Thumb Code    48  __0sscanf.o(.text)
    _scanf_int                               0x080002b9   Thumb Code   332  _scanf_int.o(.text)
    __aeabi_dmul                             0x08000405   Thumb Code   228  dmul.o(.text)
    __aeabi_ui2d                             0x080004e9   Thumb Code    26  dfltui.o(.text)
    __aeabi_cdcmpeq                          0x08000505   Thumb Code     0  cdcmple.o(.text)
    __aeabi_cdcmple                          0x08000505   Thumb Code    48  cdcmple.o(.text)
    __aeabi_uidiv                            0x08000535   Thumb Code     0  uidiv.o(.text)
    __aeabi_uidivmod                         0x08000535   Thumb Code    44  uidiv.o(.text)
    __aeabi_uldivmod                         0x08000561   Thumb Code    98  uldiv.o(.text)
    _chval                                   0x080005c3   Thumb Code    28  _chval.o(.text)
    __vfscanf_char                           0x080005ed   Thumb Code    20  scanf_char.o(.text)
    _sgetc                                   0x08000609   Thumb Code    30  _sgetc.o(.text)
    _sbackspace                              0x08000627   Thumb Code    34  _sgetc.o(.text)
    __I$use$fp                               0x08000649   Thumb Code     0  iusefp.o(.text)
    _double_round                            0x08000649   Thumb Code    30  depilogue.o(.text)
    _double_epilogue                         0x08000667   Thumb Code   156  depilogue.o(.text)
    __aeabi_dadd                             0x08000703   Thumb Code   322  dadd.o(.text)
    __aeabi_dsub                             0x08000845   Thumb Code     6  dadd.o(.text)
    __aeabi_drsub                            0x0800084b   Thumb Code     6  dadd.o(.text)
    __aeabi_ddiv                             0x08000851   Thumb Code   222  ddiv.o(.text)
    __aeabi_d2ulz                            0x0800092f   Thumb Code    48  dfixul.o(.text)
    __aeabi_cdrcmple                         0x08000961   Thumb Code    48  cdrcmple.o(.text)
    __scatterload                            0x08000991   Thumb Code    28  init.o(.text)
    __scatterload_rt2                        0x08000991   Thumb Code     0  init.o(.text)
    __aeabi_llsl                             0x080009b5   Thumb Code    30  llshl.o(.text)
    _ll_shift_l                              0x080009b5   Thumb Code     0  llshl.o(.text)
    __aeabi_llsr                             0x080009d3   Thumb Code    32  llushr.o(.text)
    _ll_ushift_r                             0x080009d3   Thumb Code     0  llushr.o(.text)
    __aeabi_lasr                             0x080009f3   Thumb Code    36  llsshr.o(.text)
    _ll_sshift_r                             0x080009f3   Thumb Code     0  llsshr.o(.text)
    isspace                                  0x08000a17   Thumb Code    10  isspace_c.o(.text)
    __vfscanf                                0x08000a21   Thumb Code   810  _scanf.o(.text)
    __ctype_lookup                           0x08000d51   Thumb Code    34  ctype_c.o(.text)
    BusFault_Handler                         0x08000d79   Thumb Code     4  gd32f4xx_it.o(i.BusFault_Handler)
    DebugMon_Handler                         0x08000d7d   Thumb Code     2  gd32f4xx_it.o(i.DebugMon_Handler)
    EXTI10_15_IRQHandler                     0x08000d81   Thumb Code    68  tracking.o(i.EXTI10_15_IRQHandler)
    EXTI5_9_IRQHandler                       0x08000dd1   Thumb Code    76  tracking.o(i.EXTI5_9_IRQHandler)
    HardFault_Handler                        0x08000e35   Thumb Code     4  gd32f4xx_it.o(i.HardFault_Handler)
    MemManage_Handler                        0x08000e39   Thumb Code     4  gd32f4xx_it.o(i.MemManage_Handler)
    NMI_Handler                              0x08000e3d   Thumb Code     2  gd32f4xx_it.o(i.NMI_Handler)
    PendSV_Handler                           0x08000e69   Thumb Code     2  gd32f4xx_it.o(i.PendSV_Handler)
    SVC_Handler                              0x08000e6b   Thumb Code     2  gd32f4xx_it.o(i.SVC_Handler)
    SysTick_Handler                          0x08000e6d   Thumb Code     8  gd32f4xx_it.o(i.SysTick_Handler)
    SystemInit                               0x08000e75   Thumb Code   194  system_gd32f4xx.o(i.SystemInit)
    TIMER5_DAC_IRQHandler                    0x08000f49   Thumb Code    28  ultrasonic.o(i.TIMER5_DAC_IRQHandler)
    USART0_IRQHandler                        0x08000f69   Thumb Code    48  uart.o(i.USART0_IRQHandler)
    USART2_IRQHandler                        0x08000fb1   Thumb Code    52  uart.o(i.USART2_IRQHandler)
    UsageFault_Handler                       0x08001005   Thumb Code     4  gd32f4xx_it.o(i.UsageFault_Handler)
    __0printf                                0x08001009   Thumb Code    22  printfa.o(i.__0printf)
    __1printf                                0x08001009   Thumb Code     0  printfa.o(i.__0printf)
    __2printf                                0x08001009   Thumb Code     0  printfa.o(i.__0printf)
    __c89printf                              0x08001009   Thumb Code     0  printfa.o(i.__0printf)
    printf                                   0x08001009   Thumb Code     0  printfa.o(i.__0printf)
    __scatterload_copy                       0x08001029   Thumb Code    14  handlers.o(i.__scatterload_copy)
    __scatterload_null                       0x08001037   Thumb Code     2  handlers.o(i.__scatterload_null)
    __scatterload_zeroinit                   0x08001039   Thumb Code    14  handlers.o(i.__scatterload_zeroinit)
    bluetooth_init                           0x080018d5   Thumb Code    10  bluetooth.o(i.bluetooth_init)
    bluetooth_msgToCmd                       0x080018e5   Thumb Code    56  bluetooth.o(i.bluetooth_msgToCmd)
    bluetooth_msg_handler                    0x08001925   Thumb Code   180  bluetooth.o(i.bluetooth_msg_handler)
    bsp_io_init                              0x08001a41   Thumb Code    50  pwm.o(i.bsp_io_init)
    bsp_pwm_dutyRatio_edit                   0x08001a75   Thumb Code   124  pwm.o(i.bsp_pwm_dutyRatio_edit)
    bsp_pwm_init                             0x08001af5   Thumb Code    94  pwm.o(i.bsp_pwm_init)
    bsp_timer_init                           0x08001b61   Thumb Code    58  pwm.o(i.bsp_timer_init)
    bsp_timer_output_init                    0x08001b9b   Thumb Code    66  pwm.o(i.bsp_timer_output_init)
    bsp_tracking_flag                        0x08001bdd   Thumb Code    50  tracking.o(i.bsp_tracking_flag)
    bsp_uart_dmaRX                           0x08001c25   Thumb Code   136  uart.o(i.bsp_uart_dmaRX)
    bsp_uart_init                            0x08001d11   Thumb Code   188  uart.o(i.bsp_uart_init)
    bsp_uart_init_                           0x08001df5   Thumb Code   268  uart.o(i.bsp_uart_init_)
    bsp_uart_print_set                       0x08001f01   Thumb Code     6  uart.o(i.bsp_uart_print_set)
    bsp_ultrasonic_distance_get              0x08001f0d   Thumb Code     8  ultrasonic.o(i.bsp_ultrasonic_distance_get)
    bsp_ultrasonic_init                      0x08001f19   Thumb Code   114  ultrasonic.o(i.bsp_ultrasonic_init)
    bsp_ultrasonic_recFlag_get               0x08001f95   Thumb Code    12  ultrasonic.o(i.bsp_ultrasonic_recFlag_get)
    bsp_ultrasonic_rec_flag_get              0x08001fa5   Thumb Code     6  ultrasonic.o(i.bsp_ultrasonic_rec_flag_get)
    bsp_ultrasonic_rec_flag_set              0x08001fb1   Thumb Code     6  ultrasonic.o(i.bsp_ultrasonic_rec_flag_set)
    bsp_ultrasonic_rec_task                  0x08001fbd   Thumb Code    92  ultrasonic.o(i.bsp_ultrasonic_rec_task)
    bsp_ultrasonic_send                      0x08002029   Thumb Code    38  ultrasonic.o(i.bsp_ultrasonic_send)
    bsp_usart2_ISR_set                       0x08002059   Thumb Code     6  uart.o(i.bsp_usart2_ISR_set)
    car_backward                             0x08002065   Thumb Code    26  car.o(i.car_backward)
    car_brake                                0x0800207f   Thumb Code    40  car.o(i.car_brake)
    car_forward                              0x080020a7   Thumb Code    26  car.o(i.car_forward)
    car_forward_2                            0x080020c1   Thumb Code    28  car.o(i.car_forward_2)
    car_left                                 0x080020dd   Thumb Code    26  car.o(i.car_left)
    car_right                                0x080020f7   Thumb Code    26  car.o(i.car_right)
    car_stop                                 0x08002111   Thumb Code    36  car.o(i.car_stop)
    delay_1ms                                0x08002135   Thumb Code    24  systick.o(i.delay_1ms)
    delay_1us                                0x0800214d   Thumb Code    16  systick.o(i.delay_1us)
    delay_decrement                          0x08002161   Thumb Code    18  systick.o(i.delay_decrement)
    dma_channel_disable                      0x08002179   Thumb Code    32  gd32f4xx_dma.o(i.dma_channel_disable)
    dma_channel_enable                       0x08002199   Thumb Code    32  gd32f4xx_dma.o(i.dma_channel_enable)
    dma_channel_subperipheral_select         0x080021b9   Thumb Code    38  gd32f4xx_dma.o(i.dma_channel_subperipheral_select)
    dma_deinit                               0x080021df   Thumb Code   166  gd32f4xx_dma.o(i.dma_deinit)
    dma_single_data_mode_init                0x08002285   Thumb Code   340  gd32f4xx_dma.o(i.dma_single_data_mode_init)
    dma_single_data_para_struct_init         0x080023dd   Thumb Code    34  gd32f4xx_dma.o(i.dma_single_data_para_struct_init)
    dma_transfer_number_get                  0x080023ff   Thumb Code    16  gd32f4xx_dma.o(i.dma_transfer_number_get)
    exti_interrupt_flag_clear                0x08002411   Thumb Code     6  gd32f4xx_exti.o(i.exti_interrupt_flag_clear)
    exti_interrupt_flag_get                  0x0800241d   Thumb Code    18  gd32f4xx_exti.o(i.exti_interrupt_flag_get)
    fputc                                    0x08002435   Thumb Code    46  uart.o(i.fputc)
    gpio_af_set                              0x08002469   Thumb Code    94  gd32f4xx_gpio.o(i.gpio_af_set)
    gpio_bit_reset                           0x080024c7   Thumb Code     4  gd32f4xx_gpio.o(i.gpio_bit_reset)
    gpio_bit_set                             0x080024cb   Thumb Code     4  gd32f4xx_gpio.o(i.gpio_bit_set)
    gpio_input_bit_get                       0x080024cf   Thumb Code    16  gd32f4xx_gpio.o(i.gpio_input_bit_get)
    gpio_mode_set                            0x080024df   Thumb Code    78  gd32f4xx_gpio.o(i.gpio_mode_set)
    gpio_output_options_set                  0x0800252d   Thumb Code    66  gd32f4xx_gpio.o(i.gpio_output_options_set)
    led_init                                 0x08002571   Thumb Code   132  led.o(i.led_init)
    main                                     0x08002605   Thumb Code    72  main.o(i.main)
    nvic_irq_enable                          0x08002685   Thumb Code   186  gd32f4xx_misc.o(i.nvic_irq_enable)
    nvic_priority_group_set                  0x08002749   Thumb Code    10  gd32f4xx_misc.o(i.nvic_priority_group_set)
    rcu_clock_freq_get                       0x0800275d   Thumb Code   264  gd32f4xx_rcu.o(i.rcu_clock_freq_get)
    rcu_periph_clock_enable                  0x08002881   Thumb Code    32  gd32f4xx_rcu.o(i.rcu_periph_clock_enable)
    rcu_timer_clock_prescaler_config         0x080028a5   Thumb Code    32  gd32f4xx_rcu.o(i.rcu_timer_clock_prescaler_config)
    systick_config                           0x080029cd   Thumb Code    72  systick.o(i.systick_config)
    task_auto_track                          0x08002a1d   Thumb Code   842  auto_track.o(i.task_auto_track)
    task_auto_track_switch_set               0x08002d6d   Thumb Code     6  auto_track.o(i.task_auto_track_switch_set)
    task_obstacleVoidance                    0x08002d79   Thumb Code   106  obstaclevoidance.o(i.task_obstacleVoidance)
    timer_auto_reload_shadow_enable          0x08002df5   Thumb Code    10  gd32f4xx_timer.o(i.timer_auto_reload_shadow_enable)
    timer_channel_output_config              0x08002e01   Thumb Code   484  gd32f4xx_timer.o(i.timer_channel_output_config)
    timer_channel_output_mode_config         0x08002fed   Thumb Code    90  gd32f4xx_timer.o(i.timer_channel_output_mode_config)
    timer_channel_output_pulse_value_config  0x08003047   Thumb Code    38  gd32f4xx_timer.o(i.timer_channel_output_pulse_value_config)
    timer_channel_output_shadow_config       0x0800306d   Thumb Code    90  gd32f4xx_timer.o(i.timer_channel_output_shadow_config)
    timer_channel_output_struct_para_init    0x080030c7   Thumb Code    16  gd32f4xx_timer.o(i.timer_channel_output_struct_para_init)
    timer_enable                             0x080030d7   Thumb Code    10  gd32f4xx_timer.o(i.timer_enable)
    timer_init                               0x080030e1   Thumb Code   122  gd32f4xx_timer.o(i.timer_init)
    timer_interrupt_enable                   0x08003179   Thumb Code     8  gd32f4xx_timer.o(i.timer_interrupt_enable)
    timer_interrupt_flag_clear               0x08003181   Thumb Code     6  gd32f4xx_timer.o(i.timer_interrupt_flag_clear)
    timer_interrupt_flag_get                 0x08003187   Thumb Code    24  gd32f4xx_timer.o(i.timer_interrupt_flag_get)
    timer_struct_para_init                   0x0800319f   Thumb Code    22  gd32f4xx_timer.o(i.timer_struct_para_init)
    usart_baudrate_set                       0x080031b5   Thumb Code   224  gd32f4xx_usart.o(i.usart_baudrate_set)
    usart_data_receive                       0x0800329d   Thumb Code    10  gd32f4xx_usart.o(i.usart_data_receive)
    usart_data_transmit                      0x080032a7   Thumb Code     8  gd32f4xx_usart.o(i.usart_data_transmit)
    usart_dma_receive_config                 0x080032af   Thumb Code    20  gd32f4xx_usart.o(i.usart_dma_receive_config)
    usart_enable                             0x080032c3   Thumb Code    10  gd32f4xx_usart.o(i.usart_enable)
    usart_flag_clear                         0x080032cd   Thumb Code    26  gd32f4xx_usart.o(i.usart_flag_clear)
    usart_flag_get                           0x080032e7   Thumb Code    30  gd32f4xx_usart.o(i.usart_flag_get)
    usart_interrupt_enable                   0x08003305   Thumb Code    26  gd32f4xx_usart.o(i.usart_interrupt_enable)
    usart_interrupt_flag_clear               0x0800331f   Thumb Code    26  gd32f4xx_usart.o(i.usart_interrupt_flag_clear)
    usart_interrupt_flag_get                 0x08003339   Thumb Code    56  gd32f4xx_usart.o(i.usart_interrupt_flag_get)
    usart_parity_config                      0x08003371   Thumb Code    16  gd32f4xx_usart.o(i.usart_parity_config)
    usart_receive_config                     0x08003381   Thumb Code    16  gd32f4xx_usart.o(i.usart_receive_config)
    usart_stop_bit_set                       0x08003391   Thumb Code    16  gd32f4xx_usart.o(i.usart_stop_bit_set)
    usart_transmit_config                    0x080033a1   Thumb Code    16  gd32f4xx_usart.o(i.usart_transmit_config)
    usart_word_length_set                    0x080033b1   Thumb Code    16  gd32f4xx_usart.o(i.usart_word_length_set)
    __ctype_categories                       0x080033c0   Data          64  ctype_c.o(.constdata)
    Region$$Table$$Base                      0x08003400   Number         0  anon$$obj.o(Region$$Table)
    Region$$Table$$Limit                     0x08003420   Number         0  anon$$obj.o(Region$$Table)
    bsp_uart_print                           0x20000000   Data           4  uart.o(.data)
    bsp_usart2_ISR                           0x20000004   Data           4  uart.o(.data)
    bsp_tracking_1_flag                      0x20000008   Data           1  tracking.o(.data)
    bsp_tracking_2_flag                      0x20000009   Data           1  tracking.o(.data)
    bsp_tracking_3_flag                      0x2000000a   Data           1  tracking.o(.data)
    bsp_tracking_4_flag                      0x2000000b   Data           1  tracking.o(.data)
    bsp_tracking_5_flag                      0x2000000c   Data           1  tracking.o(.data)
    bsp_ultrasonic_rec_flag                  0x20000010   Data           1  ultrasonic.o(.data)
    distance                                 0x20000018   Data           8  ultrasonic.o(.data)
    task_auto_track_switch                   0x20000024   Data           1  auto_track.o(.data)
    SystemCoreClock                          0x20000028   Data           4  system_gd32f4xx.o(.data)
    __stdout                                 0x20000030   Data           4  stdout.o(.data)
    bsp_usart0_RXBuffer                      0x20000034   Data         128  uart.o(.bss)
    bsp_usart2_RXBuffer                      0x200000b4   Data         128  uart.o(.bss)
    bsp_usart0_init_cfg                      0x20000134   Data          60  uart.o(.bss)
    bsp_usart2_init_cfg                      0x20000170   Data          60  uart.o(.bss)
    cmd                                      0x200001ac   Data         640  bluetooth.o(.bss)
    __initial_sp                             0x20000830   Data           0  startup_gd32f450_470.o(STACK)



==============================================================================

Memory Map of the image

  Image Entry point : 0x080001ad

  Load Region LR_IROM1 (Base: 0x08000000, Size: 0x00003454, Max: 0x00100000, ABSOLUTE)

    Execution Region ER_IROM1 (Exec base: 0x08000000, Load base: 0x08000000, Size: 0x00003420, Max: 0x00100000, ABSOLUTE)

    Exec Addr    Load Addr    Size         Type   Attr      Idx    E Section Name        Object

    0x08000000   0x08000000   0x000001ac   Data   RO         2326    RESET               startup_gd32f450_470.o
    0x080001ac   0x080001ac   0x00000000   Code   RO         2331  * .ARM.Collect$$$$00000000  mc_w.l(entry.o)
    0x080001ac   0x080001ac   0x00000004   Code   RO         2617    .ARM.Collect$$$$00000001  mc_w.l(entry2.o)
    0x080001b0   0x080001b0   0x00000004   Code   RO         2620    .ARM.Collect$$$$00000004  mc_w.l(entry5.o)
    0x080001b4   0x080001b4   0x00000000   Code   RO         2622    .ARM.Collect$$$$00000008  mc_w.l(entry7b.o)
    0x080001b4   0x080001b4   0x00000000   Code   RO         2624    .ARM.Collect$$$$0000000A  mc_w.l(entry8b.o)
    0x080001b4   0x080001b4   0x00000008   Code   RO         2625    .ARM.Collect$$$$0000000B  mc_w.l(entry9a.o)
    0x080001bc   0x080001bc   0x00000004   Code   RO         2632    .ARM.Collect$$$$0000000E  mc_w.l(entry12b.o)
    0x080001c0   0x080001c0   0x00000000   Code   RO         2627    .ARM.Collect$$$$0000000F  mc_w.l(entry10a.o)
    0x080001c0   0x080001c0   0x00000000   Code   RO         2629    .ARM.Collect$$$$00000011  mc_w.l(entry11a.o)
    0x080001c0   0x080001c0   0x00000004   Code   RO         2618    .ARM.Collect$$$$00002712  mc_w.l(entry2.o)
    0x080001c4   0x080001c4   0x00000024   Code   RO         2327    .text               startup_gd32f450_470.o
    0x080001e8   0x080001e8   0x00000024   Code   RO         2334    .text               mc_w.l(memseta.o)
    0x0800020c   0x0800020c   0x0000001c   Code   RO         2336    .text               mc_w.l(strcmp.o)
    0x08000228   0x08000228   0x00000012   Code   RO         2338    .text               mc_w.l(strcpy.o)
    0x0800023a   0x0800023a   0x00000002   PAD
    0x0800023c   0x0800023c   0x00000044   Code   RO         2340    .text               mc_w.l(strtok.o)
    0x08000280   0x08000280   0x00000038   Code   RO         2607    .text               mc_w.l(__0sscanf.o)
    0x080002b8   0x080002b8   0x0000014c   Code   RO         2609    .text               mc_w.l(_scanf_int.o)
    0x08000404   0x08000404   0x000000e4   Code   RO         2611    .text               mf_w.l(dmul.o)
    0x080004e8   0x080004e8   0x0000001a   Code   RO         2613    .text               mf_w.l(dfltui.o)
    0x08000502   0x08000502   0x00000002   PAD
    0x08000504   0x08000504   0x00000030   Code   RO         2615    .text               mf_w.l(cdcmple.o)
    0x08000534   0x08000534   0x0000002c   Code   RO         2634    .text               mc_w.l(uidiv.o)
    0x08000560   0x08000560   0x00000062   Code   RO         2636    .text               mc_w.l(uldiv.o)
    0x080005c2   0x080005c2   0x0000001c   Code   RO         2638    .text               mc_w.l(_chval.o)
    0x080005de   0x080005de   0x00000002   PAD
    0x080005e0   0x080005e0   0x00000028   Code   RO         2640    .text               mc_w.l(scanf_char.o)
    0x08000608   0x08000608   0x00000040   Code   RO         2642    .text               mc_w.l(_sgetc.o)
    0x08000648   0x08000648   0x00000000   Code   RO         2644    .text               mc_w.l(iusefp.o)
    0x08000648   0x08000648   0x000000ba   Code   RO         2645    .text               mf_w.l(depilogue.o)
    0x08000702   0x08000702   0x0000014e   Code   RO         2647    .text               mf_w.l(dadd.o)
    0x08000850   0x08000850   0x000000de   Code   RO         2649    .text               mf_w.l(ddiv.o)
    0x0800092e   0x0800092e   0x00000030   Code   RO         2651    .text               mf_w.l(dfixul.o)
    0x0800095e   0x0800095e   0x00000002   PAD
    0x08000960   0x08000960   0x00000030   Code   RO         2653    .text               mf_w.l(cdrcmple.o)
    0x08000990   0x08000990   0x00000024   Code   RO         2655    .text               mc_w.l(init.o)
    0x080009b4   0x080009b4   0x0000001e   Code   RO         2657    .text               mc_w.l(llshl.o)
    0x080009d2   0x080009d2   0x00000020   Code   RO         2659    .text               mc_w.l(llushr.o)
    0x080009f2   0x080009f2   0x00000024   Code   RO         2661    .text               mc_w.l(llsshr.o)
    0x08000a16   0x08000a16   0x0000000a   Code   RO         2663    .text               mc_w.l(isspace_c.o)
    0x08000a20   0x08000a20   0x00000330   Code   RO         2665    .text               mc_w.l(_scanf.o)
    0x08000d50   0x08000d50   0x00000028   Code   RO         2667    .text               mc_w.l(ctype_c.o)
    0x08000d78   0x08000d78   0x00000004   Code   RO         1983    i.BusFault_Handler  gd32f4xx_it.o
    0x08000d7c   0x08000d7c   0x00000002   Code   RO         1984    i.DebugMon_Handler  gd32f4xx_it.o
    0x08000d7e   0x08000d7e   0x00000002   PAD
    0x08000d80   0x08000d80   0x00000050   Code   RO         1868    i.EXTI10_15_IRQHandler  tracking.o
    0x08000dd0   0x08000dd0   0x00000064   Code   RO         1869    i.EXTI5_9_IRQHandler  tracking.o
    0x08000e34   0x08000e34   0x00000004   Code   RO         1985    i.HardFault_Handler  gd32f4xx_it.o
    0x08000e38   0x08000e38   0x00000004   Code   RO         1986    i.MemManage_Handler  gd32f4xx_it.o
    0x08000e3c   0x08000e3c   0x00000002   Code   RO         1987    i.NMI_Handler       gd32f4xx_it.o
    0x08000e3e   0x08000e3e   0x00000002   PAD
    0x08000e40   0x08000e40   0x00000028   Code   RO         2089    i.NVIC_SetPriority  systick.o
    0x08000e68   0x08000e68   0x00000002   Code   RO         1988    i.PendSV_Handler    gd32f4xx_it.o
    0x08000e6a   0x08000e6a   0x00000002   Code   RO         1989    i.SVC_Handler       gd32f4xx_it.o
    0x08000e6c   0x08000e6c   0x00000008   Code   RO         1990    i.SysTick_Handler   gd32f4xx_it.o
    0x08000e74   0x08000e74   0x000000d4   Code   RO         2285    i.SystemInit        system_gd32f4xx.o
    0x08000f48   0x08000f48   0x00000020   Code   RO         1912    i.TIMER5_DAC_IRQHandler  ultrasonic.o
    0x08000f68   0x08000f68   0x00000048   Code   RO         1792    i.USART0_IRQHandler  uart.o
    0x08000fb0   0x08000fb0   0x00000054   Code   RO         1793    i.USART2_IRQHandler  uart.o
    0x08001004   0x08001004   0x00000004   Code   RO         1991    i.UsageFault_Handler  gd32f4xx_it.o
    0x08001008   0x08001008   0x00000020   Code   RO         2579    i.__0printf         mc_w.l(printfa.o)
    0x08001028   0x08001028   0x0000000e   Code   RO         2672    i.__scatterload_copy  mc_w.l(handlers.o)
    0x08001036   0x08001036   0x00000002   Code   RO         2673    i.__scatterload_null  mc_w.l(handlers.o)
    0x08001038   0x08001038   0x0000000e   Code   RO         2674    i.__scatterload_zeroinit  mc_w.l(handlers.o)
    0x08001046   0x08001046   0x00000002   PAD
    0x08001048   0x08001048   0x00000184   Code   RO         2586    i._fp_digits        mc_w.l(printfa.o)
    0x080011cc   0x080011cc   0x000006b4   Code   RO         2587    i._printf_core      mc_w.l(printfa.o)
    0x08001880   0x08001880   0x00000024   Code   RO         2588    i._printf_post_padding  mc_w.l(printfa.o)
    0x080018a4   0x080018a4   0x0000002e   Code   RO         2589    i._printf_pre_padding  mc_w.l(printfa.o)
    0x080018d2   0x080018d2   0x00000002   PAD
    0x080018d4   0x080018d4   0x00000010   Code   RO         2194    i.bluetooth_init    bluetooth.o
    0x080018e4   0x080018e4   0x00000040   Code   RO         2195    i.bluetooth_msgToCmd  bluetooth.o
    0x08001924   0x08001924   0x0000011c   Code   RO         2196    i.bluetooth_msg_handler  bluetooth.o
    0x08001a40   0x08001a40   0x00000032   Code   RO         1745    i.bsp_io_init       pwm.o
    0x08001a72   0x08001a72   0x00000002   PAD
    0x08001a74   0x08001a74   0x00000080   Code   RO         1746    i.bsp_pwm_dutyRatio_edit  pwm.o
    0x08001af4   0x08001af4   0x0000006c   Code   RO         1747    i.bsp_pwm_init      pwm.o
    0x08001b60   0x08001b60   0x0000003a   Code   RO         1748    i.bsp_timer_init    pwm.o
    0x08001b9a   0x08001b9a   0x00000042   Code   RO         1749    i.bsp_timer_output_init  pwm.o
    0x08001bdc   0x08001bdc   0x00000048   Code   RO         1870    i.bsp_tracking_flag  tracking.o
    0x08001c24   0x08001c24   0x000000ec   Code   RO         1794    i.bsp_uart_dmaRX    uart.o
    0x08001d10   0x08001d10   0x000000e4   Code   RO         1795    i.bsp_uart_init     uart.o
    0x08001df4   0x08001df4   0x0000010c   Code   RO         1796    i.bsp_uart_init_    uart.o
    0x08001f00   0x08001f00   0x0000000c   Code   RO         1797    i.bsp_uart_print_set  uart.o
    0x08001f0c   0x08001f0c   0x0000000c   Code   RO         1913    i.bsp_ultrasonic_distance_get  ultrasonic.o
    0x08001f18   0x08001f18   0x0000007c   Code   RO         1914    i.bsp_ultrasonic_init  ultrasonic.o
    0x08001f94   0x08001f94   0x00000010   Code   RO         1915    i.bsp_ultrasonic_recFlag_get  ultrasonic.o
    0x08001fa4   0x08001fa4   0x0000000c   Code   RO         1916    i.bsp_ultrasonic_rec_flag_get  ultrasonic.o
    0x08001fb0   0x08001fb0   0x0000000c   Code   RO         1917    i.bsp_ultrasonic_rec_flag_set  ultrasonic.o
    0x08001fbc   0x08001fbc   0x0000006c   Code   RO         1918    i.bsp_ultrasonic_rec_task  ultrasonic.o
    0x08002028   0x08002028   0x00000030   Code   RO         1919    i.bsp_ultrasonic_send  ultrasonic.o
    0x08002058   0x08002058   0x0000000c   Code   RO         1798    i.bsp_usart2_ISR_set  uart.o
    0x08002064   0x08002064   0x0000001a   Code   RO         2138    i.car_backward      car.o
    0x0800207e   0x0800207e   0x00000028   Code   RO         2139    i.car_brake         car.o
    0x080020a6   0x080020a6   0x0000001a   Code   RO         2140    i.car_forward       car.o
    0x080020c0   0x080020c0   0x0000001c   Code   RO         2141    i.car_forward_2     car.o
    0x080020dc   0x080020dc   0x0000001a   Code   RO         2142    i.car_left          car.o
    0x080020f6   0x080020f6   0x0000001a   Code   RO         2143    i.car_right         car.o
    0x08002110   0x08002110   0x00000024   Code   RO         2144    i.car_stop          car.o
    0x08002134   0x08002134   0x00000018   Code   RO         2090    i.delay_1ms         systick.o
    0x0800214c   0x0800214c   0x00000014   Code   RO         2091    i.delay_1us         systick.o
    0x08002160   0x08002160   0x00000018   Code   RO         2092    i.delay_decrement   systick.o
    0x08002178   0x08002178   0x00000020   Code   RO         1312    i.dma_channel_disable  gd32f4xx_dma.o
    0x08002198   0x08002198   0x00000020   Code   RO         1313    i.dma_channel_enable  gd32f4xx_dma.o
    0x080021b8   0x080021b8   0x00000026   Code   RO         1314    i.dma_channel_subperipheral_select  gd32f4xx_dma.o
    0x080021de   0x080021de   0x000000a6   Code   RO         1317    i.dma_deinit        gd32f4xx_dma.o
    0x08002284   0x08002284   0x00000158   Code   RO         1337    i.dma_single_data_mode_init  gd32f4xx_dma.o
    0x080023dc   0x080023dc   0x00000022   Code   RO         1338    i.dma_single_data_para_struct_init  gd32f4xx_dma.o
    0x080023fe   0x080023fe   0x00000010   Code   RO         1343    i.dma_transfer_number_get  gd32f4xx_dma.o
    0x0800240e   0x0800240e   0x00000002   PAD
    0x08002410   0x08002410   0x0000000c   Code   RO         1588    i.exti_interrupt_flag_clear  gd32f4xx_exti.o
    0x0800241c   0x0800241c   0x00000018   Code   RO         1589    i.exti_interrupt_flag_get  gd32f4xx_exti.o
    0x08002434   0x08002434   0x00000034   Code   RO         1799    i.fputc             uart.o
    0x08002468   0x08002468   0x0000005e   Code   RO          418    i.gpio_af_set       gd32f4xx_gpio.o
    0x080024c6   0x080024c6   0x00000004   Code   RO          419    i.gpio_bit_reset    gd32f4xx_gpio.o
    0x080024ca   0x080024ca   0x00000004   Code   RO          420    i.gpio_bit_set      gd32f4xx_gpio.o
    0x080024ce   0x080024ce   0x00000010   Code   RO          424    i.gpio_input_bit_get  gd32f4xx_gpio.o
    0x080024de   0x080024de   0x0000004e   Code   RO          426    i.gpio_mode_set     gd32f4xx_gpio.o
    0x0800252c   0x0800252c   0x00000042   Code   RO          428    i.gpio_output_options_set  gd32f4xx_gpio.o
    0x0800256e   0x0800256e   0x00000002   PAD
    0x08002570   0x08002570   0x00000094   Code   RO         1666    i.led_init          led.o
    0x08002604   0x08002604   0x00000080   Code   RO         2057    i.main              main.o
    0x08002684   0x08002684   0x000000c4   Code   RO         1525    i.nvic_irq_enable   gd32f4xx_misc.o
    0x08002748   0x08002748   0x00000014   Code   RO         1526    i.nvic_priority_group_set  gd32f4xx_misc.o
    0x0800275c   0x0800275c   0x00000124   Code   RO           12    i.rcu_clock_freq_get  gd32f4xx_rcu.o
    0x08002880   0x08002880   0x00000024   Code   RO           31    i.rcu_periph_clock_enable  gd32f4xx_rcu.o
    0x080028a4   0x080028a4   0x00000024   Code   RO           47    i.rcu_timer_clock_prescaler_config  gd32f4xx_rcu.o
    0x080028c8   0x080028c8   0x000000fc   Code   RO         2286    i.system_clock_240m_irc16m  system_gd32f4xx.o
    0x080029c4   0x080029c4   0x00000008   Code   RO         2287    i.system_clock_config  system_gd32f4xx.o
    0x080029cc   0x080029cc   0x00000050   Code   RO         2093    i.systick_config    systick.o
    0x08002a1c   0x08002a1c   0x00000350   Code   RO         2229    i.task_auto_track   auto_track.o
    0x08002d6c   0x08002d6c   0x0000000c   Code   RO         2231    i.task_auto_track_switch_set  auto_track.o
    0x08002d78   0x08002d78   0x0000007c   Code   RO         2264    i.task_obstacleVoidance  obstaclevoidance.o
    0x08002df4   0x08002df4   0x0000000a   Code   RO          523    i.timer_auto_reload_shadow_enable  gd32f4xx_timer.o
    0x08002dfe   0x08002dfe   0x00000002   PAD
    0x08002e00   0x08002e00   0x000001ec   Code   RO          540    i.timer_channel_output_config  gd32f4xx_timer.o
    0x08002fec   0x08002fec   0x0000005a   Code   RO          542    i.timer_channel_output_mode_config  gd32f4xx_timer.o
    0x08003046   0x08003046   0x00000026   Code   RO          544    i.timer_channel_output_pulse_value_config  gd32f4xx_timer.o
    0x0800306c   0x0800306c   0x0000005a   Code   RO          545    i.timer_channel_output_shadow_config  gd32f4xx_timer.o
    0x080030c6   0x080030c6   0x00000010   Code   RO          547    i.timer_channel_output_struct_para_init  gd32f4xx_timer.o
    0x080030d6   0x080030d6   0x0000000a   Code   RO          559    i.timer_enable      gd32f4xx_timer.o
    0x080030e0   0x080030e0   0x00000098   Code   RO          569    i.timer_init        gd32f4xx_timer.o
    0x08003178   0x08003178   0x00000008   Code   RO          576    i.timer_interrupt_enable  gd32f4xx_timer.o
    0x08003180   0x08003180   0x00000006   Code   RO          577    i.timer_interrupt_flag_clear  gd32f4xx_timer.o
    0x08003186   0x08003186   0x00000018   Code   RO          578    i.timer_interrupt_flag_get  gd32f4xx_timer.o
    0x0800319e   0x0800319e   0x00000016   Code   RO          589    i.timer_struct_para_init  gd32f4xx_timer.o
    0x080031b4   0x080031b4   0x000000e8   Code   RO          969    i.usart_baudrate_set  gd32f4xx_usart.o
    0x0800329c   0x0800329c   0x0000000a   Code   RO          973    i.usart_data_receive  gd32f4xx_usart.o
    0x080032a6   0x080032a6   0x00000008   Code   RO          974    i.usart_data_transmit  gd32f4xx_usart.o
    0x080032ae   0x080032ae   0x00000014   Code   RO          977    i.usart_dma_receive_config  gd32f4xx_usart.o
    0x080032c2   0x080032c2   0x0000000a   Code   RO          979    i.usart_enable      gd32f4xx_usart.o
    0x080032cc   0x080032cc   0x0000001a   Code   RO          980    i.usart_flag_clear  gd32f4xx_usart.o
    0x080032e6   0x080032e6   0x0000001e   Code   RO          981    i.usart_flag_get    gd32f4xx_usart.o
    0x08003304   0x08003304   0x0000001a   Code   RO          989    i.usart_interrupt_enable  gd32f4xx_usart.o
    0x0800331e   0x0800331e   0x0000001a   Code   RO          990    i.usart_interrupt_flag_clear  gd32f4xx_usart.o
    0x08003338   0x08003338   0x00000038   Code   RO          991    i.usart_interrupt_flag_get  gd32f4xx_usart.o
    0x08003370   0x08003370   0x00000010   Code   RO         1004    i.usart_parity_config  gd32f4xx_usart.o
    0x08003380   0x08003380   0x00000010   Code   RO         1006    i.usart_receive_config  gd32f4xx_usart.o
    0x08003390   0x08003390   0x00000010   Code   RO         1017    i.usart_stop_bit_set  gd32f4xx_usart.o
    0x080033a0   0x080033a0   0x00000010   Code   RO         1021    i.usart_transmit_config  gd32f4xx_usart.o
    0x080033b0   0x080033b0   0x00000010   Code   RO         1022    i.usart_word_length_set  gd32f4xx_usart.o
    0x080033c0   0x080033c0   0x00000040   Data   RO         2668    .constdata          mc_w.l(ctype_c.o)
    0x08003400   0x08003400   0x00000020   Data   RO         2670    Region$$Table       anon$$obj.o


    Execution Region RW_IRAM1 (Exec base: 0x20000000, Load base: 0x08003420, Size: 0x00000830, Max: 0x00070000, ABSOLUTE)

    Exec Addr    Load Addr    Size         Type   Attr      Idx    E Section Name        Object

    0x20000000   0x08003420   0x00000008   Data   RW         1801    .data               uart.o
    0x20000008   0x08003428   0x00000005   Data   RW         1872    .data               tracking.o
    0x2000000d   0x0800342d   0x00000003   PAD
    0x20000010   0x08003430   0x00000010   Data   RW         1920    .data               ultrasonic.o
    0x20000020   0x08003440   0x00000004   Data   RW         2094    .data               systick.o
    0x20000024   0x08003444   0x00000001   Data   RW         2232    .data               auto_track.o
    0x20000025   0x08003445   0x00000003   PAD
    0x20000028   0x08003448   0x00000004   Data   RW         2288    .data               system_gd32f4xx.o
    0x2000002c   0x0800344c   0x00000004   Data   RW         2341    .data               mc_w.l(strtok.o)
    0x20000030   0x08003450   0x00000004   Data   RW         2633    .data               mc_w.l(stdout.o)
    0x20000034        -       0x00000178   Zero   RW         1800    .bss                uart.o
    0x200001ac        -       0x00000280   Zero   RW         2197    .bss                bluetooth.o
    0x2000042c   0x08003454   0x00000004   PAD
    0x20000430        -       0x00000400   Zero   RW         2324    STACK               startup_gd32f450_470.o


==============================================================================

Image component sizes


      Code (inc. data)   RO Data    RW Data    ZI Data      Debug   Object Name

       860         12          0          1          0       1756   auto_track.o
       364        118          0          0        640       2300   bluetooth.o
       208          0          0          0          0       3675   car.o
       662          4          0          0          0       5436   gd32f4xx_dma.o
        36         12          0          0          0       1298   gd32f4xx_exti.o
       262          0          0          0          0       4509   gd32f4xx_gpio.o
        32          0          0          0          0       4262   gd32f4xx_it.o
       216         20          0          0          0       1532   gd32f4xx_misc.o
       364         36          0          0          0      74086   gd32f4xx_rcu.o
       958         38          0          0          0       8984   gd32f4xx_timer.o
       524          8          0          0          0      10437   gd32f4xx_usart.o
       148         16          0          0          0        519   led.o
       128         56          0          0          0        527   main.o
       124         18          0          0          0        592   obstaclevoidance.o
       410         18          0          0          0       3975   pwm.o
        36          8        428          0       1024        904   startup_gd32f450_470.o
       472         32          0          4          0       2943   system_gd32f4xx.o
       188         26          0          4          0      29566   systick.o
       252         64          0          5          0       3170   tracking.o
       964        214          0          8        376       7996   uart.o
       364         60          0         16          0       4736   ultrasonic.o

    ----------------------------------------------------------------------
      7584        760        460         44       2044     173203   Object Totals
         0          0         32          0          0          0   (incl. Generated)
        12          0          0          6          4          0   (incl. Padding)

    ----------------------------------------------------------------------

      Code (inc. data)   RO Data    RW Data    ZI Data      Debug   Library Member Name

        56          8          0          0          0         84   __0sscanf.o
        28          0          0          0          0         68   _chval.o
       816          6          0          0          0        112   _scanf.o
       332          0          0          0          0         96   _scanf_int.o
        64          0          0          0          0         84   _sgetc.o
        40          6         64          0          0         68   ctype_c.o
         0          0          0          0          0          0   entry.o
         0          0          0          0          0          0   entry10a.o
         0          0          0          0          0          0   entry11a.o
         4          0          0          0          0          0   entry12b.o
         8          4          0          0          0          0   entry2.o
         4          0          0          0          0          0   entry5.o
         0          0          0          0          0          0   entry7b.o
         0          0          0          0          0          0   entry8b.o
         8          4          0          0          0          0   entry9a.o
        30          0          0          0          0          0   handlers.o
        36          8          0          0          0         68   init.o
        10          0          0          0          0         68   isspace_c.o
         0          0          0          0          0          0   iusefp.o
        30          0          0          0          0         68   llshl.o
        36          0          0          0          0         68   llsshr.o
        32          0          0          0          0         68   llushr.o
        36          0          0          0          0        108   memseta.o
      2218         90          0          0          0        464   printfa.o
        40          8          0          0          0         84   scanf_char.o
         0          0          0          4          0          0   stdout.o
        28          0          0          0          0         76   strcmp.o
        18          0          0          0          0         68   strcpy.o
        68          6          0          4          0         80   strtok.o
        44          0          0          0          0         80   uidiv.o
        98          0          0          0          0         92   uldiv.o
        48          0          0          0          0         68   cdcmple.o
        48          0          0          0          0         68   cdrcmple.o
       334          0          0          0          0        148   dadd.o
       222          0          0          0          0        100   ddiv.o
       186          0          0          0          0        176   depilogue.o
        48          0          0          0          0         68   dfixul.o
        26          0          0          0          0         76   dfltui.o
       228          0          0          0          0         96   dmul.o

    ----------------------------------------------------------------------
      5236        140         64          8          0       2704   Library Totals
        12          0          0          0          0          0   (incl. Padding)

    ----------------------------------------------------------------------

      Code (inc. data)   RO Data    RW Data    ZI Data      Debug   Library Name

      4084        140         64          8          0       1904   mc_w.l
      1140          0          0          0          0        800   mf_w.l

    ----------------------------------------------------------------------
      5236        140         64          8          0       2704   Library Totals

    ----------------------------------------------------------------------

==============================================================================


      Code (inc. data)   RO Data    RW Data    ZI Data      Debug   

     12820        900        524         52       2044     165055   Grand Totals
     12820        900        524         52       2044     165055   ELF Image Totals
     12820        900        524         52          0          0   ROM Totals

==============================================================================

    Total RO  Size (Code + RO Data)                13344 (  13.03kB)
    Total RW  Size (RW Data + ZI Data)              2096 (   2.05kB)
    Total ROM Size (Code + RO Data + RW Data)      13396 (  13.08kB)

==============================================================================

